DIGIT Extrapolation E3 partial-monotone run
Success shape: guard_only
Experiment label: pattern_control
Device: cuda
Results dir: W:\Intuition-Labs\experiments\DIGIT\Extrapolation\results\e3\calibration_sweep\seed_123\pattern_control
Trace dir: W:\Intuition-Labs\experiments\DIGIT\Extrapolation\e3\trace_cache
Trace label version: v5
Evidence target version: v1
Corpus fingerprint: 726b34ec9024ecba
Pattern z-threshold: 0.75
Pattern threshold mode: auto
Trace records train/val/test: 1313/318/318
Failure shares train/val/test: 0.106/0.079/0.053
Train hard-mined cases: 35
Train label distribution: {'trajectory_shape': {1: 488, 3: 141, 2: 286, 0: 398}, 'attention_pattern': {2: 174, 1: 957, 0: 182}, 'confidence': {2: 433, 1: 447, 0: 433}, 'outcome': {1: 913, 0: 261, 2: 139}}
Train attention-pattern distribution: {'DIFFUSE': 174, 'MIXED': 957, 'FOCUSED': 182}
Success modes: {'success_core_mode': 'guard_identity', 'success_residual_mode': 'disabled'}
Path scale overrides: {'outcome_trajectory_context': 0.0, 'outcome_pattern_context': 0.8}
Default path scales: {'shared_trace': 1.0, 'success_trace': 0.25, 'success_core': 1.0, 'success_residual': 1.0, 'success_bonus': 1.0, 'failure_trace': 1.0, 'ambiguity_trace': 1.0, 'cert_context': 1.0, 'outcome_context': 0.8, 'outcome_trajectory_context': 0.0, 'outcome_pattern_context': 0.8, 'success_raw': 0.5, 'failure_raw': 1.0, 'ambiguity_raw': 1.0}
Stage 1: joint primitive training (selection: non-collapsed -> outcome_macro_f1 -> failure_recall -> confidence_macro_f1 -> trajectory_macro_f1 -> joint_acc)
Stage1 Epoch 01/25 | train_loss=0.8920 | val_loss=0.9195 | val_outcome_acc=0.406 | val_outcome_macro_f1=0.277 | val_failure_recall=0.000 | val_confidence_macro_f1=0.179 | val_trajectory_macro_f1=0.450 | val_pattern_macro_f1=0.930 | val_joint_acc=0.047 | val_collapsed=True
  Val audit: out_share=0.642/0.358/0.000 | conf_share=0.000/1.000/0.000 | cert_std(st/su/fa)=0.0093/0.0122/0.0180 | succ_vs_fail_corr=0.238
  Val success guard: base_over_rate=0.000 | base_target_over=0.075 | proposal_over_rate=0.997 | success_over_rate=0.997 | success_prob_over_rate=0.000 | bonus_weight=0.324 | bonus_frac=0.092 | proposal_gain_frac=0.049 | bonus_zero_raw_frac=0.773 | guard_target_over=0.075
  Val success parts: core_frac=0.951 | resid_frac=0.000 | base_vs_stability=0.837 | core_vs_stability=0.837 | core_vs_good=-0.072 | base_vs_support=0.517 | resid_vs_good=nan | resid_vs_pattern=nan | resid_vs_trace=nan | bonus_weight_vs_zero_raw=nan
  Val target fit: stability=0.912/0.066 | support=0.992/0.010 | success=0.883/0.078 | failure=-0.125/0.114
Stage1 Epoch 02/25 | train_loss=0.5531 | val_loss=0.8573 | val_outcome_acc=0.409 | val_outcome_macro_f1=0.279 | val_failure_recall=0.000 | val_confidence_macro_f1=0.179 | val_trajectory_macro_f1=0.542 | val_pattern_macro_f1=0.927 | val_joint_acc=0.035 | val_collapsed=True
  Val audit: out_share=0.642/0.358/0.000 | conf_share=0.000/1.000/0.000 | cert_std(st/su/fa)=0.0093/0.0122/0.0242 | succ_vs_fail_corr=0.234
  Val success guard: base_over_rate=0.000 | base_target_over=0.075 | proposal_over_rate=0.997 | success_over_rate=0.997 | success_prob_over_rate=0.000 | bonus_weight=0.324 | bonus_frac=0.092 | proposal_gain_frac=0.049 | bonus_zero_raw_frac=0.773 | guard_target_over=0.075
  Val success parts: core_frac=0.951 | resid_frac=0.000 | base_vs_stability=0.837 | core_vs_stability=0.837 | core_vs_good=0.278 | base_vs_support=0.517 | resid_vs_good=nan | resid_vs_pattern=nan | resid_vs_trace=nan | bonus_weight_vs_zero_raw=-0.000
  Val target fit: stability=0.912/0.066 | support=0.992/0.010 | success=0.883/0.078 | failure=-0.137/0.153
Stage1 Epoch 03/25 | train_loss=0.4913 | val_loss=0.8526 | val_outcome_acc=0.393 | val_outcome_macro_f1=0.271 | val_failure_recall=0.000 | val_confidence_macro_f1=0.179 | val_trajectory_macro_f1=0.468 | val_pattern_macro_f1=0.939 | val_joint_acc=0.035 | val_collapsed=True
  Val audit: out_share=0.686/0.314/0.000 | conf_share=0.000/1.000/0.000 | cert_std(st/su/fa)=0.0093/0.0122/0.0223 | succ_vs_fail_corr=0.323
  Val success guard: base_over_rate=0.000 | base_target_over=0.075 | proposal_over_rate=0.997 | success_over_rate=0.997 | success_prob_over_rate=0.000 | bonus_weight=0.324 | bonus_frac=0.093 | proposal_gain_frac=0.049 | bonus_zero_raw_frac=0.774 | guard_target_over=0.075
  Val success parts: core_frac=0.951 | resid_frac=0.000 | base_vs_stability=0.837 | core_vs_stability=0.837 | core_vs_good=0.239 | base_vs_support=0.517 | resid_vs_good=nan | resid_vs_pattern=nan | resid_vs_trace=nan | bonus_weight_vs_zero_raw=0.000
  Val target fit: stability=0.912/0.066 | support=0.992/0.010 | success=0.883/0.078 | failure=-0.219/0.141
Stage1 Epoch 04/25 | train_loss=0.4713 | val_loss=0.8444 | val_outcome_acc=0.409 | val_outcome_macro_f1=0.278 | val_failure_recall=0.000 | val_confidence_macro_f1=0.179 | val_trajectory_macro_f1=0.496 | val_pattern_macro_f1=0.915 | val_joint_acc=0.044 | val_collapsed=True
  Val audit: out_share=0.635/0.365/0.000 | conf_share=0.000/1.000/0.000 | cert_std(st/su/fa)=0.0093/0.0122/0.0251 | succ_vs_fail_corr=0.233
  Val success guard: base_over_rate=0.000 | base_target_over=0.075 | proposal_over_rate=0.997 | success_over_rate=0.997 | success_prob_over_rate=0.000 | bonus_weight=0.324 | bonus_frac=0.093 | proposal_gain_frac=0.049 | bonus_zero_raw_frac=0.774 | guard_target_over=0.075
  Val success parts: core_frac=0.951 | resid_frac=0.000 | base_vs_stability=0.837 | core_vs_stability=0.837 | core_vs_good=0.158 | base_vs_support=0.517 | resid_vs_good=nan | resid_vs_pattern=nan | resid_vs_trace=nan | bonus_weight_vs_zero_raw=-0.000
  Val target fit: stability=0.912/0.066 | support=0.992/0.010 | success=0.883/0.078 | failure=-0.130/0.159
Stage1 Epoch 05/25 | train_loss=0.6864 | val_loss=0.6212 | val_outcome_acc=0.610 | val_outcome_macro_f1=0.403 | val_failure_recall=1.000 | val_confidence_macro_f1=0.583 | val_trajectory_macro_f1=0.500 | val_pattern_macro_f1=0.917 | val_joint_acc=0.236 | val_collapsed=False
  Val audit: out_share=0.000/0.748/0.252 | conf_share=0.299/0.682/0.019 | cert_std(st/su/fa)=0.0091/0.0118/0.3846 | succ_vs_fail_corr=-0.800
  Val success guard: base_over_rate=0.000 | base_target_over=0.148 | proposal_over_rate=0.000 | success_over_rate=0.000 | success_prob_over_rate=0.000 | bonus_weight=0.141 | bonus_frac=0.042 | proposal_gain_frac=0.018 | bonus_zero_raw_frac=0.615 | guard_target_over=0.148
  Val success parts: core_frac=0.982 | resid_frac=0.000 | base_vs_stability=0.867 | core_vs_stability=0.867 | core_vs_good=0.109 | base_vs_support=0.475 | resid_vs_good=nan | resid_vs_pattern=nan | resid_vs_trace=nan | bonus_weight_vs_zero_raw=nan
  Val target fit: stability=0.890/0.065 | support=0.992/0.011 | success=0.879/0.076 | failure=0.809/2.435
Stage1 Epoch 06/25 | train_loss=0.5614 | val_loss=0.5359 | val_outcome_acc=0.664 | val_outcome_macro_f1=0.445 | val_failure_recall=0.960 | val_confidence_macro_f1=0.866 | val_trajectory_macro_f1=0.449 | val_pattern_macro_f1=0.953 | val_joint_acc=0.245 | val_collapsed=False
Stage1 Epoch 07/25 | train_loss=0.4876 | val_loss=0.4677 | val_outcome_acc=0.764 | val_outcome_macro_f1=0.667 | val_failure_recall=0.800 | val_confidence_macro_f1=0.913 | val_trajectory_macro_f1=0.564 | val_pattern_macro_f1=0.924 | val_joint_acc=0.349 | val_collapsed=False
Stage1 Epoch 08/25 | train_loss=0.4528 | val_loss=0.4600 | val_outcome_acc=0.770 | val_outcome_macro_f1=0.712 | val_failure_recall=0.960 | val_confidence_macro_f1=0.899 | val_trajectory_macro_f1=0.551 | val_pattern_macro_f1=0.919 | val_joint_acc=0.349 | val_collapsed=False
Stage1 Epoch 09/25 | train_loss=0.4417 | val_loss=0.4284 | val_outcome_acc=0.783 | val_outcome_macro_f1=0.726 | val_failure_recall=0.960 | val_confidence_macro_f1=0.904 | val_trajectory_macro_f1=0.569 | val_pattern_macro_f1=0.941 | val_joint_acc=0.362 | val_collapsed=False
Stage1 Epoch 10/25 | train_loss=0.4167 | val_loss=0.4082 | val_outcome_acc=0.818 | val_outcome_macro_f1=0.745 | val_failure_recall=0.880 | val_confidence_macro_f1=0.945 | val_trajectory_macro_f1=0.548 | val_pattern_macro_f1=0.933 | val_joint_acc=0.396 | val_collapsed=False
  Val audit: out_share=0.167/0.686/0.148 | conf_share=0.308/0.418/0.274 | cert_std(st/su/fa)=0.0106/0.0134/0.3357 | succ_vs_fail_corr=-0.804
  Val success guard: base_over_rate=0.000 | base_target_over=0.230 | proposal_over_rate=0.000 | success_over_rate=0.000 | success_prob_over_rate=0.000 | bonus_weight=0.039 | bonus_frac=0.012 | proposal_gain_frac=0.004 | bonus_zero_raw_frac=0.562 | guard_target_over=0.230
  Val success parts: core_frac=0.996 | resid_frac=0.000 | base_vs_stability=0.860 | core_vs_stability=0.860 | core_vs_good=0.118 | base_vs_support=0.488 | resid_vs_good=nan | resid_vs_pattern=nan | resid_vs_trace=nan | bonus_weight_vs_zero_raw=nan
  Val target fit: stability=0.908/0.075 | support=0.991/0.013 | success=0.884/0.086 | failure=0.834/2.126
Stage1 Epoch 11/25 | train_loss=0.4005 | val_loss=0.4385 | val_outcome_acc=0.783 | val_outcome_macro_f1=0.696 | val_failure_recall=0.960 | val_confidence_macro_f1=0.885 | val_trajectory_macro_f1=0.619 | val_pattern_macro_f1=0.937 | val_joint_acc=0.425 | val_collapsed=False
Stage1 Epoch 12/25 | train_loss=0.3905 | val_loss=0.3703 | val_outcome_acc=0.830 | val_outcome_macro_f1=0.769 | val_failure_recall=0.960 | val_confidence_macro_f1=0.951 | val_trajectory_macro_f1=0.661 | val_pattern_macro_f1=0.928 | val_joint_acc=0.513 | val_collapsed=False
Stage1 Epoch 13/25 | train_loss=0.3738 | val_loss=0.3483 | val_outcome_acc=0.827 | val_outcome_macro_f1=0.767 | val_failure_recall=0.960 | val_confidence_macro_f1=0.960 | val_trajectory_macro_f1=0.681 | val_pattern_macro_f1=0.949 | val_joint_acc=0.519 | val_collapsed=False
Stage1 Epoch 14/25 | train_loss=0.3582 | val_loss=0.3473 | val_outcome_acc=0.871 | val_outcome_macro_f1=0.812 | val_failure_recall=0.920 | val_confidence_macro_f1=0.929 | val_trajectory_macro_f1=0.678 | val_pattern_macro_f1=0.933 | val_joint_acc=0.525 | val_collapsed=False
Stage1 Epoch 15/25 | train_loss=0.3433 | val_loss=0.3309 | val_outcome_acc=0.877 | val_outcome_macro_f1=0.819 | val_failure_recall=0.960 | val_confidence_macro_f1=0.957 | val_trajectory_macro_f1=0.659 | val_pattern_macro_f1=0.944 | val_joint_acc=0.538 | val_collapsed=False
  Val audit: out_share=0.182/0.664/0.154 | conf_share=0.321/0.362/0.318 | cert_std(st/su/fa)=0.0111/0.0146/0.3028 | succ_vs_fail_corr=-0.779
  Val success guard: base_over_rate=0.000 | base_target_over=0.264 | proposal_over_rate=0.000 | success_over_rate=0.000 | success_prob_over_rate=0.135 | bonus_weight=0.029 | bonus_frac=0.009 | proposal_gain_frac=0.003 | bonus_zero_raw_frac=0.549 | guard_target_over=0.264
  Val success parts: core_frac=0.997 | resid_frac=0.000 | base_vs_stability=0.865 | core_vs_stability=0.865 | core_vs_good=0.316 | base_vs_support=0.481 | resid_vs_good=nan | resid_vs_pattern=nan | resid_vs_trace=nan | bonus_weight_vs_zero_raw=nan
  Val target fit: stability=0.905/0.079 | support=0.990/0.015 | success=0.882/0.094 | failure=0.842/1.917
Stage1 Epoch 16/25 | train_loss=0.3413 | val_loss=0.3347 | val_outcome_acc=0.824 | val_outcome_macro_f1=0.764 | val_failure_recall=0.960 | val_confidence_macro_f1=0.947 | val_trajectory_macro_f1=0.715 | val_pattern_macro_f1=0.925 | val_joint_acc=0.528 | val_collapsed=False
Stage1 Epoch 17/25 | train_loss=0.3331 | val_loss=0.3215 | val_outcome_acc=0.877 | val_outcome_macro_f1=0.818 | val_failure_recall=0.960 | val_confidence_macro_f1=0.957 | val_trajectory_macro_f1=0.691 | val_pattern_macro_f1=0.925 | val_joint_acc=0.566 | val_collapsed=False
Stage1 Epoch 18/25 | train_loss=0.3232 | val_loss=0.3143 | val_outcome_acc=0.833 | val_outcome_macro_f1=0.770 | val_failure_recall=0.960 | val_confidence_macro_f1=0.972 | val_trajectory_macro_f1=0.696 | val_pattern_macro_f1=0.928 | val_joint_acc=0.550 | val_collapsed=False
Stage1 Epoch 19/25 | train_loss=0.3097 | val_loss=0.3096 | val_outcome_acc=0.846 | val_outcome_macro_f1=0.787 | val_failure_recall=0.960 | val_confidence_macro_f1=0.940 | val_trajectory_macro_f1=0.716 | val_pattern_macro_f1=0.931 | val_joint_acc=0.544 | val_collapsed=False
Stage1 Epoch 20/25 | train_loss=0.3076 | val_loss=0.3059 | val_outcome_acc=0.940 | val_outcome_macro_f1=0.903 | val_failure_recall=0.960 | val_confidence_macro_f1=0.951 | val_trajectory_macro_f1=0.731 | val_pattern_macro_f1=0.919 | val_joint_acc=0.654 | val_collapsed=False
  Val audit: out_share=0.198/0.695/0.107 | conf_share=0.311/0.362/0.327 | cert_std(st/su/fa)=0.0116/0.0159/0.2821 | succ_vs_fail_corr=-0.776
  Val success guard: base_over_rate=0.000 | base_target_over=0.270 | proposal_over_rate=0.000 | success_over_rate=0.000 | success_prob_over_rate=0.151 | bonus_weight=0.023 | bonus_frac=0.007 | proposal_gain_frac=0.002 | bonus_zero_raw_frac=0.552 | guard_target_over=0.270
  Val success parts: core_frac=0.998 | resid_frac=0.000 | base_vs_stability=0.870 | core_vs_stability=0.870 | core_vs_good=0.129 | base_vs_support=0.474 | resid_vs_good=nan | resid_vs_pattern=nan | resid_vs_trace=nan | bonus_weight_vs_zero_raw=nan
  Val target fit: stability=0.905/0.082 | support=0.990/0.017 | success=0.881/0.102 | failure=0.847/1.787
Stage1 Epoch 21/25 | train_loss=0.3013 | val_loss=0.3236 | val_outcome_acc=0.884 | val_outcome_macro_f1=0.826 | val_failure_recall=0.960 | val_confidence_macro_f1=0.943 | val_trajectory_macro_f1=0.696 | val_pattern_macro_f1=0.910 | val_joint_acc=0.572 | val_collapsed=False
Stage1 Epoch 22/25 | train_loss=0.2859 | val_loss=0.3016 | val_outcome_acc=0.852 | val_outcome_macro_f1=0.791 | val_failure_recall=0.960 | val_confidence_macro_f1=0.979 | val_trajectory_macro_f1=0.676 | val_pattern_macro_f1=0.941 | val_joint_acc=0.553 | val_collapsed=False
Stage1 Epoch 23/25 | train_loss=0.2873 | val_loss=0.2771 | val_outcome_acc=0.855 | val_outcome_macro_f1=0.793 | val_failure_recall=0.960 | val_confidence_macro_f1=0.976 | val_trajectory_macro_f1=0.743 | val_pattern_macro_f1=0.925 | val_joint_acc=0.613 | val_collapsed=False
Stage1 Epoch 24/25 | train_loss=0.2825 | val_loss=0.2630 | val_outcome_acc=0.868 | val_outcome_macro_f1=0.808 | val_failure_recall=0.960 | val_confidence_macro_f1=0.976 | val_trajectory_macro_f1=0.753 | val_pattern_macro_f1=0.937 | val_joint_acc=0.648 | val_collapsed=False
Stage1 Epoch 25/25 | train_loss=0.2876 | val_loss=0.2694 | val_outcome_acc=0.868 | val_outcome_macro_f1=0.808 | val_failure_recall=0.960 | val_confidence_macro_f1=0.985 | val_trajectory_macro_f1=0.714 | val_pattern_macro_f1=0.929 | val_joint_acc=0.607 | val_collapsed=False
  Val audit: out_share=0.176/0.660/0.164 | conf_share=0.336/0.365/0.299 | cert_std(st/su/fa)=0.0124/0.0174/0.2989 | succ_vs_fail_corr=-0.774
  Val success guard: base_over_rate=0.000 | base_target_over=0.267 | proposal_over_rate=0.000 | success_over_rate=0.000 | success_prob_over_rate=0.145 | bonus_weight=0.019 | bonus_frac=0.006 | proposal_gain_frac=0.002 | bonus_zero_raw_frac=0.558 | guard_target_over=0.267
  Val success parts: core_frac=0.998 | resid_frac=0.000 | base_vs_stability=0.871 | core_vs_stability=0.871 | core_vs_good=0.149 | base_vs_support=0.467 | resid_vs_good=nan | resid_vs_pattern=nan | resid_vs_trace=nan | bonus_weight_vs_zero_raw=nan
  Val target fit: stability=0.906/0.088 | support=0.989/0.020 | success=0.880/0.112 | failure=0.845/1.893
Stage 2: generation-only training
Stage2 Epoch 01/8 | train_gen_loss=0.3267 | val_gen_loss=0.0151
Stage2 Epoch 02/8 | train_gen_loss=0.0110 | val_gen_loss=0.0034
Stage2 Epoch 03/8 | train_gen_loss=0.0035 | val_gen_loss=0.0014
Stage2 Epoch 04/8 | train_gen_loss=0.0018 | val_gen_loss=0.0009
Stage2 Epoch 05/8 | train_gen_loss=0.0013 | val_gen_loss=0.0007
Stage2 Epoch 06/8 | train_gen_loss=0.0010 | val_gen_loss=0.0005
Stage2 Epoch 07/8 | train_gen_loss=0.0008 | val_gen_loss=0.0004
Stage2 Epoch 08/8 | train_gen_loss=0.0006 | val_gen_loss=0.0003
Test metrics: trajectory_acc=0.827, trajectory_macro_f1=0.777, pattern_acc=0.959, pattern_macro_f1=0.938, confidence_acc=0.947, confidence_macro_f1=0.946, outcome_acc=0.918, outcome_macro_f1=0.859, failure_recall=0.882, joint_acc=0.711
Trajectory confusion: DECREASING: [85, 15, 0, 0] | STABLE: [5, 96, 11, 4] | INCREASING: [0, 4, 70, 0] | VOLATILE: [3, 10, 3, 12]
Pattern confusion: FOCUSED: [31, 0, 0] | MIXED: [4, 233, 8] | DIFFUSE: [0, 1, 41]
Pattern per-class: FOCUSED(p/r/f1)=0.886/1.000/0.939 | MIXED(p/r/f1)=0.996/0.951/0.973 | DIFFUSE(p/r/f1)=0.837/0.976/0.901
Outcome confusion: SUCCESS_LIKELY: [60, 16, 0] | UNCERTAIN: [0, 217, 8] | FAILURE_LIKELY: [0, 2, 15]
Outcome per-class: SUCCESS(p/r/f1)=1.000/0.789/0.882 | UNCERTAIN(p/r/f1)=0.923/0.964/0.943 | FAILURE(p/r/f1)=0.652/0.882/0.750
Primitive predictions preserved through stage 2: True
Baselines: majority_outcome=UNCERTAIN, majority_acc=0.708, majority_macro_f1=0.276, entropy_threshold_acc=0.261, entropy_threshold_macro_f1=0.242, logreg_outcome_acc=0.755, logreg_outcome_macro_f1=0.617, mlp_outcome_acc=0.881, mlp_outcome_macro_f1=0.818, mlp_converged=True, mlp_n_iter=49
Correctness baselines: logreg_acc=0.884, logreg_auroc=0.751, mlp_acc=0.890, mlp_auroc=0.704, mlp_converged=True
Safety metrics: unsafe_success_rate_label=0.000, unsafe_success_rate_correctness=0.017, success_precision_vs_is_correct=0.983, success_auroc=0.739, success_auprc=0.956, success_brier=0.611, success_ece_10bin=0.675
Corpus label audit: P(correct|SUCCESS)=0.998, P(correct|UNCERTAIN)=0.900, P(correct|FAILURE)=0.420, correctness_separation=0.097, max_outcome_share_swing=0.208, label_revision_trigger=True
Prediction audit: pred_share_SUCCESS=0.189, pred_share_UNCERTAIN=0.739, pred_share_FAILURE=0.072, pred_conf_LOW=0.283, pred_conf_MEDIUM=0.330, pred_conf_HIGH=0.387, P(correct|pred_SUCCESS)=0.983, P(correct|pred_UNCERTAIN)=0.906, P(correct|pred_FAILURE)=0.391
Prediction guard audit: pred_SUCCESS_over_guard=0.733, pred_UNCERTAIN_over_guard=0.000, pred_FAILURE_over_guard=0.000
Prediction guard gap: pred_SUCCESS(prob/guard/excess)=0.781/0.663/0.098, pred_UNCERTAIN(prob/guard/excess)=0.083/0.653/0.000, pred_FAILURE(prob/guard/excess)=0.002/0.627/0.000
Collapse audit: collapsed_model=False, all_success_mode=False, all_uncertain_mode=False, all_failure_mode=False, single_confidence_mode=False
Evidence geometry: stability_std=0.0087, support_std=0.0054, success_guard_std=0.0125, success_core_std=0.0125, success_residual_std=0.0000, success_base_std=0.0125, success_trace_strength_std=0.0028, success_bonus_weight_std=0.0051, success_bonus_zero_raw_std=0.0000, success_bonus_std=0.0011, success_proposal_std=0.0128, success_std=0.0128, failure_std=0.2625, ambiguity_std=0.2499, success_vs_failure_corr=-0.710, success_guard_vs_success_corr=1.000, success_guard_vs_base_corr=1.000, success_guard_vs_proposal_corr=1.000, success_guard_vs_target_corr=0.880, success_guard_vs_clipped_target_corr=0.909, success_core_vs_clipped_target_corr=0.909, success_base_vs_clipped_target_corr=0.909, success_base_vs_stability_corr=0.771, success_core_vs_stability_corr=0.771, success_core_vs_good_corr=0.090, success_core_vs_pattern_corr=-0.290, success_residual_vs_good_corr=nan, success_residual_vs_pattern_corr=nan, success_residual_vs_trace_corr=nan, bonus_weight_vs_success_corr=0.727, bonus_weight_vs_zero_raw_corr=nan, proposal_vs_success_corr=1.000, ambiguity_vs_high_conf_corr=-0.939, stability_vs_agreement_corr=0.898, support_vs_support_ratio_corr=0.668
Success guard: utilization_mean=1.002, core_utilization_mean=1.000, base_utilization_mean=1.000, proposal_utilization_mean=1.002, guard_target_mae=0.117, guard_target_bias_mean=-0.052, guard_target_over_rate=0.270, base_target_excess_mean=0.032, base_target_over_rate=0.270, guard_low_sat_rate=0.000, guard_high_sat_rate=0.000, base_over_guard_mean=0.000, base_over_guard_rate=0.000, bonus_weight_mean=0.024, bonus_weight_std=0.005, bonus_weight_zero_raw_mean=0.012, bonus_weight_zero_raw_fraction_mean=0.528, bonus_mean=0.005, bonus_zero_raw_mean=0.002, bonus_zero_raw_fraction_of_bonus_mean=0.528, bonus_evidence_fraction_of_bonus_mean=0.472, success_core_fraction_of_success_mean=0.998, success_residual_fraction_of_success_mean=0.000, bonus_fraction_of_success_mean=0.007, success_trace_strength_mean=0.019, success_trace_strength_std=0.003, success_residual_weight_mean=0.000, success_residual_weight_std=0.000, proposal_gain_mean=0.002, proposal_gain_fraction_of_success_mean=0.002, success_over_guard_mean=0.002, success_over_guard_rate=0.000, proposal_over_guard_mean=0.002, proposal_over_guard_rate=0.000, success_prob_over_guard_mean=0.026, success_prob_over_guard_rate=0.138
Evidence target fit: stability(corr/mae/spread)=0.906/0.130/0.069 | support(corr/mae/spread)=0.990/0.279/0.017 | success(corr/mae/spread)=0.884/0.162/0.092 | failure(corr/mae/spread)=0.821/0.128/1.873 | ambiguity(corr/mae/spread)=0.633/0.172/1.464
Monotonicity: violation_rate=0.365, all_supported_violation_rate=0.198, stability_cert_violation_rate=0.000, support_cert_violation_rate=0.000, success_guard_violation_rate=0.000, trajectory_good_violation_rate=0.731, pattern_focused_violation_rate=0.576, success_core_violation_rate=0.000, success_base_violation_rate=0.000, success_base_guard_gap_violation_rate=0.000, success_cert_violation_rate=0.000, failure_cert_violation_rate=0.356
Path audit: zero_success_core(cert_shift/outcome_flip)=0.650/0.261, zero_success_residual(cert_shift/outcome_flip)=0.000/0.000, zero_success_base(cert_shift/outcome_flip)=0.650/0.261, zero_success_bonus(cert_shift/outcome_flip)=0.002/0.000, zero_success_trace(cert_shift/outcome_flip)=0.000/0.000, zero_success_raw(cert_shift/outcome_flip)=0.001/0.000, zero_failure_trace(cert_shift/outcome_flip)=0.172/0.091, zero_failure_raw(cert_shift/outcome_flip)=0.049/0.050, zero_ambiguity_trace(cert_shift/outcome_flip)=0.000/0.239, zero_ambiguity_raw(cert_shift/outcome_flip)=0.000/0.208, zero_shared_trace(cert_shift/outcome_flip)=0.172/0.255, zero_cert_context(cert_shift/outcome_flip)=0.030/0.066, zero_outcome_trajectory_context(cert_shift/outcome_flip)=0.000/0.000, zero_outcome_pattern_context(cert_shift/outcome_flip)=0.000/0.195, zero_outcome_context(cert_shift/outcome_flip)=0.000/0.195
Outcome-context flips by base label: SUCCESS=1.000, UNCERTAIN=0.000, FAILURE=0.087
Path dominance: cert_driver=zero_success_core:0.650, outcome_driver=zero_success_core:0.261, confidence_driver=certs_only_outcome:0.613, single_path_cert_driver=zero_success_core:0.650, single_path_outcome_driver=zero_success_core:0.261
Reference metrics fingerprint mismatch: b860894951a862dd != 726b34ec9024ecba
Acceptance: failure_recall_ok=True, outcome_macro_f1_ok=True, outcome_acc_ok=True, beats_majority=True, beats_entropy_threshold=True, trajectory_ok=True, not_collapsed=True, monotonicity_ok=False
Ground truth: trajectory=STABLE, pattern=MIXED, confidence=MEDIUM, outcome=UNCERTAIN
Prediction: trajectory=STABLE, pattern=MIXED, confidence=MEDIUM, outcome=UNCERTAIN
Decoder logits shape: (1, 47, 53)
Executor features shape: (1, 21)
Reference text: attention pattern is mixed and the outcome remains uncertain.
Generated text: attention pattern is mixed and the outcome remains uncertain.
