Training baseline seed=0 on cuda for 5000 steps (batch=64, eval_batch=32, params=887552).
step 00250 train_loss_ema=4.5214 eval_acc=0.035 eval_loss=4.5373
step 00500 train_loss_ema=4.3038 eval_acc=0.044 eval_loss=4.4064
step 00750 train_loss_ema=4.1642 eval_acc=0.061 eval_loss=4.2837
step 01000 train_loss_ema=4.0490 eval_acc=0.077 eval_loss=4.2242
step 01250 train_loss_ema=3.8535 eval_acc=0.112 eval_loss=4.0446
step 01500 train_loss_ema=3.5967 eval_acc=0.163 eval_loss=3.9521
step 01750 train_loss_ema=3.4240 eval_acc=0.203 eval_loss=3.7169
step 02000 train_loss_ema=3.2966 eval_acc=0.208 eval_loss=3.6986
step 02250 train_loss_ema=3.2246 eval_acc=0.239 eval_loss=3.5400
step 02500 train_loss_ema=3.0988 eval_acc=0.227 eval_loss=3.6159
step 02750 train_loss_ema=3.0729 eval_acc=0.243 eval_loss=3.5331
step 03000 train_loss_ema=3.0153 eval_acc=0.261 eval_loss=3.4887
step 03250 train_loss_ema=2.9994 eval_acc=0.271 eval_loss=3.4441
step 03500 train_loss_ema=2.8885 eval_acc=0.264 eval_loss=3.4614
step 03750 train_loss_ema=2.9408 eval_acc=0.277 eval_loss=3.4233
step 04000 train_loss_ema=2.8268 eval_acc=0.276 eval_loss=3.2787
step 04250 train_loss_ema=2.7615 eval_acc=0.271 eval_loss=3.3184
step 04500 train_loss_ema=2.6702 eval_acc=0.291 eval_loss=3.2833
step 04750 train_loss_ema=2.6447 eval_acc=0.271 eval_loss=3.1801
step 05000 train_loss_ema=2.5938 eval_acc=0.277 eval_loss=3.1920
Wrote W:\Intuition-Labs\experiments\21EYES\e6\results\fused_routing_v2\baseline\0\final_metrics.json
Training param_matched seed=0 on cuda for 5000 steps (batch=64, eval_batch=32, params=920960).
step 00250 train_loss_ema=4.5083 eval_acc=0.031 eval_loss=4.5264
step 00500 train_loss_ema=4.3244 eval_acc=0.051 eval_loss=4.3973
step 00750 train_loss_ema=4.1960 eval_acc=0.071 eval_loss=4.2685
step 01000 train_loss_ema=4.0487 eval_acc=0.069 eval_loss=4.2707
step 01250 train_loss_ema=3.8873 eval_acc=0.115 eval_loss=4.0424
step 01500 train_loss_ema=3.6278 eval_acc=0.167 eval_loss=3.8802
step 01750 train_loss_ema=3.4278 eval_acc=0.212 eval_loss=3.7108
step 02000 train_loss_ema=3.2688 eval_acc=0.219 eval_loss=3.6464
step 02250 train_loss_ema=3.2738 eval_acc=0.228 eval_loss=3.5703
step 02500 train_loss_ema=3.0840 eval_acc=0.228 eval_loss=3.5823
step 02750 train_loss_ema=3.0973 eval_acc=0.245 eval_loss=3.5385
step 03000 train_loss_ema=3.0089 eval_acc=0.271 eval_loss=3.4327
step 03250 train_loss_ema=2.9891 eval_acc=0.263 eval_loss=3.4458
step 03500 train_loss_ema=2.9245 eval_acc=0.259 eval_loss=3.4479
step 03750 train_loss_ema=2.9652 eval_acc=0.263 eval_loss=3.3674
step 04000 train_loss_ema=2.8901 eval_acc=0.261 eval_loss=3.3960
step 04250 train_loss_ema=2.8227 eval_acc=0.260 eval_loss=3.3584
step 04500 train_loss_ema=2.7289 eval_acc=0.261 eval_loss=3.4007
step 04750 train_loss_ema=2.7337 eval_acc=0.288 eval_loss=3.3261
step 05000 train_loss_ema=2.6750 eval_acc=0.287 eval_loss=3.2548
Wrote W:\Intuition-Labs\experiments\21EYES\e6\results\fused_routing_v2\param_matched\0\final_metrics.json
Training dense_augmented_qk seed=0 on cuda for 5000 steps (batch=64, eval_batch=32, params=920592).
step 00250 train_loss_ema=4.5157 eval_acc=0.029 eval_loss=4.5363
step 00500 train_loss_ema=4.3175 eval_acc=0.048 eval_loss=4.3955
step 00750 train_loss_ema=4.1677 eval_acc=0.073 eval_loss=4.2543
step 01000 train_loss_ema=4.0451 eval_acc=0.082 eval_loss=4.2272
step 01250 train_loss_ema=3.8602 eval_acc=0.120 eval_loss=4.0143
step 01500 train_loss_ema=3.6183 eval_acc=0.159 eval_loss=3.9452
step 01750 train_loss_ema=3.3998 eval_acc=0.204 eval_loss=3.7838
step 02000 train_loss_ema=3.2773 eval_acc=0.212 eval_loss=3.6608
step 02250 train_loss_ema=3.2428 eval_acc=0.238 eval_loss=3.5825
step 02500 train_loss_ema=3.1607 eval_acc=0.225 eval_loss=3.6028
step 02750 train_loss_ema=3.0636 eval_acc=0.243 eval_loss=3.6280
step 03000 train_loss_ema=3.0612 eval_acc=0.271 eval_loss=3.5354
step 03250 train_loss_ema=2.9988 eval_acc=0.258 eval_loss=3.4389
step 03500 train_loss_ema=2.9290 eval_acc=0.275 eval_loss=3.4483
step 03750 train_loss_ema=2.9647 eval_acc=0.285 eval_loss=3.3854
step 04000 train_loss_ema=2.8459 eval_acc=0.268 eval_loss=3.2868
step 04250 train_loss_ema=2.7875 eval_acc=0.259 eval_loss=3.3879
step 04500 train_loss_ema=2.6285 eval_acc=0.245 eval_loss=3.3563
step 04750 train_loss_ema=2.5755 eval_acc=0.276 eval_loss=3.1741
step 05000 train_loss_ema=2.4543 eval_acc=0.281 eval_loss=3.1728
Wrote W:\Intuition-Labs\experiments\21EYES\e6\results\fused_routing_v2\dense_augmented_qk\0\final_metrics.json
Training block_route_topk_b16_k4 seed=0 on cuda for 5000 steps (batch=64, eval_batch=32, params=920576).
step 00250 train_loss_ema=4.5440 eval_acc=0.022 eval_loss=4.5637
step 00500 train_loss_ema=4.3207 eval_acc=0.050 eval_loss=4.4189
step 00750 train_loss_ema=4.2011 eval_acc=0.071 eval_loss=4.2811
step 01000 train_loss_ema=4.1016 eval_acc=0.074 eval_loss=4.2678
step 01250 train_loss_ema=3.9961 eval_acc=0.094 eval_loss=4.1198
step 01500 train_loss_ema=3.7669 eval_acc=0.108 eval_loss=4.0250
step 01750 train_loss_ema=3.4960 eval_acc=0.177 eval_loss=3.8408
step 02000 train_loss_ema=3.3470 eval_acc=0.177 eval_loss=3.7474
step 02250 train_loss_ema=3.2886 eval_acc=0.228 eval_loss=3.6408
step 02500 train_loss_ema=3.1992 eval_acc=0.210 eval_loss=3.6363
step 02750 train_loss_ema=3.1197 eval_acc=0.210 eval_loss=3.6853
step 03000 train_loss_ema=3.0873 eval_acc=0.241 eval_loss=3.6171
step 03250 train_loss_ema=3.0207 eval_acc=0.245 eval_loss=3.5455
step 03500 train_loss_ema=2.9780 eval_acc=0.235 eval_loss=3.5587
step 03750 train_loss_ema=3.0372 eval_acc=0.243 eval_loss=3.5613
step 04000 train_loss_ema=2.9238 eval_acc=0.259 eval_loss=3.4388
step 04250 train_loss_ema=2.9152 eval_acc=0.243 eval_loss=3.4858
step 04500 train_loss_ema=2.8054 eval_acc=0.249 eval_loss=3.5163
step 04750 train_loss_ema=2.8081 eval_acc=0.248 eval_loss=3.4300
step 05000 train_loss_ema=2.7570 eval_acc=0.261 eval_loss=3.4547
Wrote W:\Intuition-Labs\experiments\21EYES\e6\results\fused_routing_v2\block_route_topk_b16_k4\0\final_metrics.json
Training block_route_topk_b32_k4 seed=0 on cuda for 5000 steps (batch=64, eval_batch=32, params=920576).
step 00250 train_loss_ema=4.5228 eval_acc=0.019 eval_loss=4.5541
step 00500 train_loss_ema=4.3072 eval_acc=0.044 eval_loss=4.4036
step 00750 train_loss_ema=4.1864 eval_acc=0.066 eval_loss=4.2630
step 01000 train_loss_ema=4.0967 eval_acc=0.071 eval_loss=4.2466
step 01250 train_loss_ema=3.9680 eval_acc=0.084 eval_loss=4.0985
step 01500 train_loss_ema=3.6731 eval_acc=0.138 eval_loss=3.9585
step 01750 train_loss_ema=3.4719 eval_acc=0.197 eval_loss=3.7991
step 02000 train_loss_ema=3.3115 eval_acc=0.198 eval_loss=3.6844
step 02250 train_loss_ema=3.2378 eval_acc=0.248 eval_loss=3.5781
step 02500 train_loss_ema=3.1679 eval_acc=0.220 eval_loss=3.5782
step 02750 train_loss_ema=3.1266 eval_acc=0.227 eval_loss=3.6404
step 03000 train_loss_ema=3.0376 eval_acc=0.260 eval_loss=3.5568
step 03250 train_loss_ema=3.0112 eval_acc=0.240 eval_loss=3.4756
step 03500 train_loss_ema=2.9466 eval_acc=0.244 eval_loss=3.4844
step 03750 train_loss_ema=3.0171 eval_acc=0.253 eval_loss=3.4639
step 04000 train_loss_ema=2.8539 eval_acc=0.255 eval_loss=3.3621
step 04250 train_loss_ema=2.8205 eval_acc=0.263 eval_loss=3.4138
step 04500 train_loss_ema=2.7062 eval_acc=0.270 eval_loss=3.4060
step 04750 train_loss_ema=2.7163 eval_acc=0.271 eval_loss=3.3075
step 05000 train_loss_ema=2.6107 eval_acc=0.279 eval_loss=3.2483
Wrote W:\Intuition-Labs\experiments\21EYES\e6\results\fused_routing_v2\block_route_topk_b32_k4\0\final_metrics.json
Training coarse_to_fine_block_topk_4 seed=0 on cuda for 5000 steps (batch=64, eval_batch=32, params=920592).
step 00250 train_loss_ema=4.5157 eval_acc=0.029 eval_loss=4.5377
step 00500 train_loss_ema=4.3175 eval_acc=0.052 eval_loss=4.3970
step 00750 train_loss_ema=4.1677 eval_acc=0.073 eval_loss=4.2514
step 01000 train_loss_ema=4.0451 eval_acc=0.084 eval_loss=4.2268
step 01250 train_loss_ema=3.8602 eval_acc=0.120 eval_loss=4.0148
step 01500 train_loss_ema=3.6183 eval_acc=0.157 eval_loss=3.9460
step 01750 train_loss_ema=3.3998 eval_acc=0.206 eval_loss=3.7879
step 02000 train_loss_ema=3.2773 eval_acc=0.211 eval_loss=3.6754
step 02250 train_loss_ema=3.2428 eval_acc=0.243 eval_loss=3.5848
step 02500 train_loss_ema=3.1607 eval_acc=0.226 eval_loss=3.6107
step 02750 train_loss_ema=3.0636 eval_acc=0.241 eval_loss=3.6451
step 03000 train_loss_ema=3.0612 eval_acc=0.267 eval_loss=3.5547
step 03250 train_loss_ema=2.9988 eval_acc=0.237 eval_loss=3.5622
step 03500 train_loss_ema=2.9290 eval_acc=0.270 eval_loss=3.4735
step 03750 train_loss_ema=2.9647 eval_acc=0.239 eval_loss=3.5085
step 04000 train_loss_ema=2.8459 eval_acc=0.248 eval_loss=3.3895
step 04250 train_loss_ema=2.7875 eval_acc=0.231 eval_loss=3.5565
step 04500 train_loss_ema=2.6285 eval_acc=0.230 eval_loss=3.4759
step 04750 train_loss_ema=2.5755 eval_acc=0.249 eval_loss=3.3168
step 05000 train_loss_ema=2.4543 eval_acc=0.248 eval_loss=3.3210
Wrote W:\Intuition-Labs\experiments\21EYES\e6\results\fused_routing_v2\coarse_to_fine_block_topk_4\0\final_metrics.json
Wrote W:\Intuition-Labs\experiments\21EYES\e6\results\fused_routing_v2\report.md

