DIGIT Extrapolation E3 partial-monotone run
Success shape: guard_only
Experiment label: pattern_ctx_06
Device: cuda
Results dir: W:\Intuition-Labs\experiments\DIGIT\Extrapolation\results\e3\calibration_sweep\seed_123\pattern_ctx_06
Trace dir: W:\Intuition-Labs\experiments\DIGIT\Extrapolation\e3\trace_cache
Trace label version: v5
Evidence target version: v1
Corpus fingerprint: 726b34ec9024ecba
Pattern z-threshold: 0.75
Pattern threshold mode: auto
Trace records train/val/test: 1313/318/318
Failure shares train/val/test: 0.106/0.079/0.053
Train hard-mined cases: 35
Train label distribution: {'trajectory_shape': {1: 488, 3: 141, 2: 286, 0: 398}, 'attention_pattern': {2: 174, 1: 957, 0: 182}, 'confidence': {2: 433, 1: 447, 0: 433}, 'outcome': {1: 913, 0: 261, 2: 139}}
Train attention-pattern distribution: {'DIFFUSE': 174, 'MIXED': 957, 'FOCUSED': 182}
Success modes: {'success_core_mode': 'guard_identity', 'success_residual_mode': 'disabled'}
Path scale overrides: {'outcome_trajectory_context': 0.0, 'outcome_pattern_context': 0.6}
Config overrides: {'success_prob_guard_penalty_multiplier': 2.0}
Default path scales: {'shared_trace': 1.0, 'success_trace': 0.25, 'success_core': 1.0, 'success_residual': 1.0, 'success_bonus': 1.0, 'failure_trace': 1.0, 'ambiguity_trace': 1.0, 'cert_context': 1.0, 'outcome_context': 0.0, 'outcome_trajectory_context': 0.0, 'outcome_pattern_context': 0.6, 'success_raw': 0.5, 'failure_raw': 1.0, 'ambiguity_raw': 1.0}
Stage 1: joint primitive training (selection: non-collapsed -> outcome_macro_f1 -> failure_recall -> confidence_macro_f1 -> trajectory_macro_f1 -> joint_acc)
Stage1 Epoch 01/25 | train_loss=0.8920 | val_loss=0.9136 | val_outcome_acc=0.557 | val_outcome_macro_f1=0.338 | val_failure_recall=0.000 | val_confidence_macro_f1=0.179 | val_trajectory_macro_f1=0.450 | val_pattern_macro_f1=0.930 | val_joint_acc=0.101 | val_collapsed=True
  Val audit: out_share=0.349/0.651/0.000 | conf_share=0.000/1.000/0.000 | cert_std(st/su/fa)=0.0093/0.0122/0.0180 | succ_vs_fail_corr=0.238
  Val success guard: base_over_rate=0.000 | base_target_over=0.075 | proposal_over_rate=0.997 | success_over_rate=0.997 | success_prob_over_rate=0.000 | bonus_weight=0.324 | bonus_frac=0.092 | proposal_gain_frac=0.049 | bonus_zero_raw_frac=0.773 | guard_target_over=0.075
  Val success parts: core_frac=0.951 | resid_frac=0.000 | base_vs_stability=0.837 | core_vs_stability=0.837 | core_vs_good=-0.072 | base_vs_support=0.517 | resid_vs_good=nan | resid_vs_pattern=nan | resid_vs_trace=nan | bonus_weight_vs_zero_raw=nan
  Val target fit: stability=0.912/0.066 | support=0.992/0.010 | success=0.883/0.078 | failure=-0.125/0.114
Stage1 Epoch 02/25 | train_loss=0.5531 | val_loss=0.8517 | val_outcome_acc=0.509 | val_outcome_macro_f1=0.327 | val_failure_recall=0.000 | val_confidence_macro_f1=0.179 | val_trajectory_macro_f1=0.542 | val_pattern_macro_f1=0.927 | val_joint_acc=0.088 | val_collapsed=True
  Val audit: out_share=0.472/0.528/0.000 | conf_share=0.000/1.000/0.000 | cert_std(st/su/fa)=0.0093/0.0122/0.0242 | succ_vs_fail_corr=0.234
  Val success guard: base_over_rate=0.000 | base_target_over=0.075 | proposal_over_rate=0.997 | success_over_rate=0.997 | success_prob_over_rate=0.000 | bonus_weight=0.324 | bonus_frac=0.092 | proposal_gain_frac=0.049 | bonus_zero_raw_frac=0.773 | guard_target_over=0.075
  Val success parts: core_frac=0.951 | resid_frac=0.000 | base_vs_stability=0.837 | core_vs_stability=0.837 | core_vs_good=0.278 | base_vs_support=0.517 | resid_vs_good=nan | resid_vs_pattern=nan | resid_vs_trace=nan | bonus_weight_vs_zero_raw=-0.000
  Val target fit: stability=0.912/0.066 | support=0.992/0.010 | success=0.883/0.078 | failure=-0.137/0.153
Stage1 Epoch 03/25 | train_loss=0.4913 | val_loss=0.8467 | val_outcome_acc=0.447 | val_outcome_macro_f1=0.297 | val_failure_recall=0.000 | val_confidence_macro_f1=0.179 | val_trajectory_macro_f1=0.468 | val_pattern_macro_f1=0.939 | val_joint_acc=0.050 | val_collapsed=True
  Val audit: out_share=0.563/0.437/0.000 | conf_share=0.000/1.000/0.000 | cert_std(st/su/fa)=0.0093/0.0122/0.0223 | succ_vs_fail_corr=0.323
  Val success guard: base_over_rate=0.000 | base_target_over=0.075 | proposal_over_rate=0.997 | success_over_rate=0.997 | success_prob_over_rate=0.000 | bonus_weight=0.324 | bonus_frac=0.093 | proposal_gain_frac=0.049 | bonus_zero_raw_frac=0.774 | guard_target_over=0.075
  Val success parts: core_frac=0.951 | resid_frac=0.000 | base_vs_stability=0.837 | core_vs_stability=0.837 | core_vs_good=0.239 | base_vs_support=0.517 | resid_vs_good=nan | resid_vs_pattern=nan | resid_vs_trace=nan | bonus_weight_vs_zero_raw=0.000
  Val target fit: stability=0.912/0.066 | support=0.992/0.010 | success=0.883/0.078 | failure=-0.219/0.141
Stage1 Epoch 04/25 | train_loss=0.4713 | val_loss=0.8389 | val_outcome_acc=0.487 | val_outcome_macro_f1=0.320 | val_failure_recall=0.000 | val_confidence_macro_f1=0.179 | val_trajectory_macro_f1=0.496 | val_pattern_macro_f1=0.915 | val_joint_acc=0.075 | val_collapsed=True
  Val audit: out_share=0.525/0.475/0.000 | conf_share=0.000/1.000/0.000 | cert_std(st/su/fa)=0.0093/0.0122/0.0251 | succ_vs_fail_corr=0.233
  Val success guard: base_over_rate=0.000 | base_target_over=0.075 | proposal_over_rate=0.997 | success_over_rate=0.997 | success_prob_over_rate=0.000 | bonus_weight=0.324 | bonus_frac=0.093 | proposal_gain_frac=0.049 | bonus_zero_raw_frac=0.774 | guard_target_over=0.075
  Val success parts: core_frac=0.951 | resid_frac=0.000 | base_vs_stability=0.837 | core_vs_stability=0.837 | core_vs_good=0.158 | base_vs_support=0.517 | resid_vs_good=nan | resid_vs_pattern=nan | resid_vs_trace=nan | bonus_weight_vs_zero_raw=-0.000
  Val target fit: stability=0.912/0.066 | support=0.992/0.010 | success=0.883/0.078 | failure=-0.130/0.159
Stage1 Epoch 05/25 | train_loss=0.6838 | val_loss=0.6192 | val_outcome_acc=0.601 | val_outcome_macro_f1=0.395 | val_failure_recall=1.000 | val_confidence_macro_f1=0.562 | val_trajectory_macro_f1=0.503 | val_pattern_macro_f1=0.917 | val_joint_acc=0.236 | val_collapsed=False
  Val audit: out_share=0.000/0.739/0.261 | conf_share=0.299/0.692/0.009 | cert_std(st/su/fa)=0.0092/0.0120/0.3830 | succ_vs_fail_corr=-0.807
  Val success guard: base_over_rate=0.000 | base_target_over=0.148 | proposal_over_rate=0.000 | success_over_rate=0.000 | success_prob_over_rate=0.000 | bonus_weight=0.141 | bonus_frac=0.042 | proposal_gain_frac=0.018 | bonus_zero_raw_frac=0.603 | guard_target_over=0.148
  Val success parts: core_frac=0.982 | resid_frac=0.000 | base_vs_stability=0.865 | core_vs_stability=0.865 | core_vs_good=0.110 | base_vs_support=0.478 | resid_vs_good=nan | resid_vs_pattern=nan | resid_vs_trace=nan | bonus_weight_vs_zero_raw=nan
  Val target fit: stability=0.893/0.065 | support=0.992/0.011 | success=0.881/0.077 | failure=0.812/2.425
Stage1 Epoch 06/25 | train_loss=0.5600 | val_loss=0.5354 | val_outcome_acc=0.664 | val_outcome_macro_f1=0.445 | val_failure_recall=0.960 | val_confidence_macro_f1=0.862 | val_trajectory_macro_f1=0.449 | val_pattern_macro_f1=0.953 | val_joint_acc=0.242 | val_collapsed=False
Stage1 Epoch 07/25 | train_loss=0.4868 | val_loss=0.4676 | val_outcome_acc=0.774 | val_outcome_macro_f1=0.673 | val_failure_recall=0.760 | val_confidence_macro_f1=0.913 | val_trajectory_macro_f1=0.568 | val_pattern_macro_f1=0.924 | val_joint_acc=0.358 | val_collapsed=False
Stage1 Epoch 08/25 | train_loss=0.4527 | val_loss=0.4605 | val_outcome_acc=0.770 | val_outcome_macro_f1=0.713 | val_failure_recall=0.960 | val_confidence_macro_f1=0.893 | val_trajectory_macro_f1=0.549 | val_pattern_macro_f1=0.919 | val_joint_acc=0.346 | val_collapsed=False
Stage1 Epoch 09/25 | train_loss=0.4415 | val_loss=0.4282 | val_outcome_acc=0.783 | val_outcome_macro_f1=0.727 | val_failure_recall=0.960 | val_confidence_macro_f1=0.904 | val_trajectory_macro_f1=0.569 | val_pattern_macro_f1=0.941 | val_joint_acc=0.365 | val_collapsed=False
Stage1 Epoch 10/25 | train_loss=0.4163 | val_loss=0.4068 | val_outcome_acc=0.824 | val_outcome_macro_f1=0.752 | val_failure_recall=0.880 | val_confidence_macro_f1=0.945 | val_trajectory_macro_f1=0.548 | val_pattern_macro_f1=0.933 | val_joint_acc=0.399 | val_collapsed=False
  Val audit: out_share=0.167/0.686/0.148 | conf_share=0.308/0.418/0.274 | cert_std(st/su/fa)=0.0106/0.0134/0.3334 | succ_vs_fail_corr=-0.801
  Val success guard: base_over_rate=0.000 | base_target_over=0.230 | proposal_over_rate=0.000 | success_over_rate=0.000 | success_prob_over_rate=0.000 | bonus_weight=0.039 | bonus_frac=0.012 | proposal_gain_frac=0.004 | bonus_zero_raw_frac=0.549 | guard_target_over=0.230
  Val success parts: core_frac=0.996 | resid_frac=0.000 | base_vs_stability=0.858 | core_vs_stability=0.858 | core_vs_good=0.120 | base_vs_support=0.491 | resid_vs_good=nan | resid_vs_pattern=nan | resid_vs_trace=nan | bonus_weight_vs_zero_raw=nan
  Val target fit: stability=0.908/0.075 | support=0.991/0.013 | success=0.884/0.086 | failure=0.834/2.111
Stage1 Epoch 11/25 | train_loss=0.4000 | val_loss=0.4386 | val_outcome_acc=0.783 | val_outcome_macro_f1=0.696 | val_failure_recall=0.960 | val_confidence_macro_f1=0.885 | val_trajectory_macro_f1=0.615 | val_pattern_macro_f1=0.937 | val_joint_acc=0.421 | val_collapsed=False
Stage1 Epoch 12/25 | train_loss=0.3903 | val_loss=0.3700 | val_outcome_acc=0.836 | val_outcome_macro_f1=0.776 | val_failure_recall=0.960 | val_confidence_macro_f1=0.954 | val_trajectory_macro_f1=0.661 | val_pattern_macro_f1=0.930 | val_joint_acc=0.519 | val_collapsed=False
Stage1 Epoch 13/25 | train_loss=0.3735 | val_loss=0.3483 | val_outcome_acc=0.827 | val_outcome_macro_f1=0.767 | val_failure_recall=0.960 | val_confidence_macro_f1=0.960 | val_trajectory_macro_f1=0.685 | val_pattern_macro_f1=0.949 | val_joint_acc=0.525 | val_collapsed=False
Stage1 Epoch 14/25 | train_loss=0.3582 | val_loss=0.3474 | val_outcome_acc=0.881 | val_outcome_macro_f1=0.822 | val_failure_recall=0.920 | val_confidence_macro_f1=0.929 | val_trajectory_macro_f1=0.683 | val_pattern_macro_f1=0.933 | val_joint_acc=0.541 | val_collapsed=False
Stage1 Epoch 15/25 | train_loss=0.3435 | val_loss=0.3322 | val_outcome_acc=0.881 | val_outcome_macro_f1=0.822 | val_failure_recall=0.960 | val_confidence_macro_f1=0.954 | val_trajectory_macro_f1=0.659 | val_pattern_macro_f1=0.944 | val_joint_acc=0.535 | val_collapsed=False
  Val audit: out_share=0.179/0.667/0.154 | conf_share=0.321/0.358/0.321 | cert_std(st/su/fa)=0.0110/0.0146/0.3020 | succ_vs_fail_corr=-0.775
  Val success guard: base_over_rate=0.000 | base_target_over=0.267 | proposal_over_rate=0.000 | success_over_rate=0.000 | success_prob_over_rate=0.129 | bonus_weight=0.029 | bonus_frac=0.009 | proposal_gain_frac=0.003 | bonus_zero_raw_frac=0.541 | guard_target_over=0.267
  Val success parts: core_frac=0.997 | resid_frac=0.000 | base_vs_stability=0.863 | core_vs_stability=0.863 | core_vs_good=0.317 | base_vs_support=0.485 | resid_vs_good=nan | resid_vs_pattern=nan | resid_vs_trace=nan | bonus_weight_vs_zero_raw=nan
  Val target fit: stability=0.905/0.078 | support=0.990/0.015 | success=0.883/0.094 | failure=0.841/1.912
Stage1 Epoch 16/25 | train_loss=0.3408 | val_loss=0.3359 | val_outcome_acc=0.827 | val_outcome_macro_f1=0.767 | val_failure_recall=0.960 | val_confidence_macro_f1=0.950 | val_trajectory_macro_f1=0.715 | val_pattern_macro_f1=0.925 | val_joint_acc=0.535 | val_collapsed=False
Stage1 Epoch 17/25 | train_loss=0.3332 | val_loss=0.3199 | val_outcome_acc=0.881 | val_outcome_macro_f1=0.822 | val_failure_recall=0.960 | val_confidence_macro_f1=0.957 | val_trajectory_macro_f1=0.691 | val_pattern_macro_f1=0.925 | val_joint_acc=0.569 | val_collapsed=False
Stage1 Epoch 18/25 | train_loss=0.3233 | val_loss=0.3153 | val_outcome_acc=0.833 | val_outcome_macro_f1=0.770 | val_failure_recall=0.960 | val_confidence_macro_f1=0.972 | val_trajectory_macro_f1=0.696 | val_pattern_macro_f1=0.928 | val_joint_acc=0.550 | val_collapsed=False
Stage1 Epoch 19/25 | train_loss=0.3099 | val_loss=0.3095 | val_outcome_acc=0.849 | val_outcome_macro_f1=0.790 | val_failure_recall=0.960 | val_confidence_macro_f1=0.940 | val_trajectory_macro_f1=0.716 | val_pattern_macro_f1=0.931 | val_joint_acc=0.547 | val_collapsed=False
Stage1 Epoch 20/25 | train_loss=0.3076 | val_loss=0.3068 | val_outcome_acc=0.950 | val_outcome_macro_f1=0.918 | val_failure_recall=0.960 | val_confidence_macro_f1=0.951 | val_trajectory_macro_f1=0.728 | val_pattern_macro_f1=0.919 | val_joint_acc=0.660 | val_collapsed=False
  Val audit: out_share=0.195/0.704/0.101 | conf_share=0.311/0.362/0.327 | cert_std(st/su/fa)=0.0114/0.0159/0.2816 | succ_vs_fail_corr=-0.773
  Val success guard: base_over_rate=0.000 | base_target_over=0.274 | proposal_over_rate=0.000 | success_over_rate=0.000 | success_prob_over_rate=0.145 | bonus_weight=0.023 | bonus_frac=0.007 | proposal_gain_frac=0.002 | bonus_zero_raw_frac=0.548 | guard_target_over=0.274
  Val success parts: core_frac=0.998 | resid_frac=0.000 | base_vs_stability=0.867 | core_vs_stability=0.867 | core_vs_good=0.129 | base_vs_support=0.479 | resid_vs_good=nan | resid_vs_pattern=nan | resid_vs_trace=nan | bonus_weight_vs_zero_raw=nan
  Val target fit: stability=0.906/0.081 | support=0.990/0.017 | success=0.882/0.102 | failure=0.846/1.783
Stage1 Epoch 21/25 | train_loss=0.3017 | val_loss=0.3235 | val_outcome_acc=0.884 | val_outcome_macro_f1=0.826 | val_failure_recall=0.960 | val_confidence_macro_f1=0.940 | val_trajectory_macro_f1=0.696 | val_pattern_macro_f1=0.910 | val_joint_acc=0.572 | val_collapsed=False
Stage1 Epoch 22/25 | train_loss=0.2863 | val_loss=0.3024 | val_outcome_acc=0.858 | val_outcome_macro_f1=0.798 | val_failure_recall=0.960 | val_confidence_macro_f1=0.976 | val_trajectory_macro_f1=0.673 | val_pattern_macro_f1=0.941 | val_joint_acc=0.557 | val_collapsed=False
Stage1 Epoch 23/25 | train_loss=0.2877 | val_loss=0.2775 | val_outcome_acc=0.855 | val_outcome_macro_f1=0.793 | val_failure_recall=0.960 | val_confidence_macro_f1=0.979 | val_trajectory_macro_f1=0.746 | val_pattern_macro_f1=0.925 | val_joint_acc=0.619 | val_collapsed=False
Stage1 Epoch 24/25 | train_loss=0.2823 | val_loss=0.2641 | val_outcome_acc=0.868 | val_outcome_macro_f1=0.808 | val_failure_recall=0.960 | val_confidence_macro_f1=0.976 | val_trajectory_macro_f1=0.753 | val_pattern_macro_f1=0.937 | val_joint_acc=0.648 | val_collapsed=False
Stage1 Epoch 25/25 | train_loss=0.2878 | val_loss=0.2704 | val_outcome_acc=0.868 | val_outcome_macro_f1=0.808 | val_failure_recall=0.960 | val_confidence_macro_f1=0.982 | val_trajectory_macro_f1=0.714 | val_pattern_macro_f1=0.929 | val_joint_acc=0.604 | val_collapsed=False
  Val audit: out_share=0.176/0.660/0.164 | conf_share=0.346/0.355/0.299 | cert_std(st/su/fa)=0.0121/0.0174/0.2976 | succ_vs_fail_corr=-0.769
  Val success guard: base_over_rate=0.000 | base_target_over=0.277 | proposal_over_rate=0.000 | success_over_rate=0.000 | success_prob_over_rate=0.145 | bonus_weight=0.018 | bonus_frac=0.005 | proposal_gain_frac=0.002 | bonus_zero_raw_frac=0.558 | guard_target_over=0.277
  Val success parts: core_frac=0.998 | resid_frac=0.000 | base_vs_stability=0.868 | core_vs_stability=0.868 | core_vs_good=0.151 | base_vs_support=0.473 | resid_vs_good=nan | resid_vs_pattern=nan | resid_vs_trace=nan | bonus_weight_vs_zero_raw=nan
  Val target fit: stability=0.907/0.086 | support=0.989/0.020 | success=0.881/0.112 | failure=0.844/1.884
Stage 2: generation-only training
Stage2 Epoch 01/8 | train_gen_loss=0.3267 | val_gen_loss=0.0151
Stage2 Epoch 02/8 | train_gen_loss=0.0110 | val_gen_loss=0.0034
Stage2 Epoch 03/8 | train_gen_loss=0.0035 | val_gen_loss=0.0014
Stage2 Epoch 04/8 | train_gen_loss=0.0018 | val_gen_loss=0.0009
Stage2 Epoch 05/8 | train_gen_loss=0.0013 | val_gen_loss=0.0007
Stage2 Epoch 06/8 | train_gen_loss=0.0010 | val_gen_loss=0.0005
Stage2 Epoch 07/8 | train_gen_loss=0.0008 | val_gen_loss=0.0004
Stage2 Epoch 08/8 | train_gen_loss=0.0006 | val_gen_loss=0.0003
Test metrics: trajectory_acc=0.827, trajectory_macro_f1=0.777, pattern_acc=0.959, pattern_macro_f1=0.938, confidence_acc=0.943, confidence_macro_f1=0.943, outcome_acc=0.918, outcome_macro_f1=0.859, failure_recall=0.882, joint_acc=0.708
Trajectory confusion: DECREASING: [85, 15, 0, 0] | STABLE: [5, 96, 11, 4] | INCREASING: [0, 4, 70, 0] | VOLATILE: [3, 10, 3, 12]
Pattern confusion: FOCUSED: [31, 0, 0] | MIXED: [4, 233, 8] | DIFFUSE: [0, 1, 41]
Pattern per-class: FOCUSED(p/r/f1)=0.886/1.000/0.939 | MIXED(p/r/f1)=0.996/0.951/0.973 | DIFFUSE(p/r/f1)=0.837/0.976/0.901
Outcome confusion: SUCCESS_LIKELY: [60, 16, 0] | UNCERTAIN: [0, 217, 8] | FAILURE_LIKELY: [0, 2, 15]
Outcome per-class: SUCCESS(p/r/f1)=1.000/0.789/0.882 | UNCERTAIN(p/r/f1)=0.923/0.964/0.943 | FAILURE(p/r/f1)=0.652/0.882/0.750
Primitive predictions preserved through stage 2: True
Baselines: majority_outcome=UNCERTAIN, majority_acc=0.708, majority_macro_f1=0.276, entropy_threshold_acc=0.261, entropy_threshold_macro_f1=0.242, logreg_outcome_acc=0.755, logreg_outcome_macro_f1=0.617, mlp_outcome_acc=0.881, mlp_outcome_macro_f1=0.818, mlp_converged=True, mlp_n_iter=49
Correctness baselines: logreg_acc=0.884, logreg_auroc=0.751, mlp_acc=0.890, mlp_auroc=0.704, mlp_converged=True
Safety metrics: unsafe_success_rate_label=0.000, unsafe_success_rate_correctness=0.017, success_precision_vs_is_correct=0.983, success_auroc=0.742, success_auprc=0.956, success_brier=0.613, success_ece_10bin=0.678
Corpus label audit: P(correct|SUCCESS)=0.998, P(correct|UNCERTAIN)=0.900, P(correct|FAILURE)=0.420, correctness_separation=0.097, max_outcome_share_swing=0.208, label_revision_trigger=True
Prediction audit: pred_share_SUCCESS=0.189, pred_share_UNCERTAIN=0.739, pred_share_FAILURE=0.072, pred_conf_LOW=0.283, pred_conf_MEDIUM=0.327, pred_conf_HIGH=0.390, P(correct|pred_SUCCESS)=0.983, P(correct|pred_UNCERTAIN)=0.906, P(correct|pred_FAILURE)=0.391
Prediction guard audit: pred_SUCCESS_over_guard=0.700, pred_UNCERTAIN_over_guard=0.000, pred_FAILURE_over_guard=0.000
Prediction guard gap: pred_SUCCESS(prob/guard/excess)=0.768/0.667/0.083, pred_UNCERTAIN(prob/guard/excess)=0.082/0.657/0.000, pred_FAILURE(prob/guard/excess)=0.002/0.631/0.000
Prediction success calibration: correct(count/rate/excess)=59/0.695/0.084, incorrect(count/rate/excess)=1/1.000/0.011
Collapse audit: collapsed_model=False, all_success_mode=False, all_uncertain_mode=False, all_failure_mode=False, single_confidence_mode=False
Evidence geometry: stability_std=0.0085, support_std=0.0054, success_guard_std=0.0126, success_core_std=0.0126, success_residual_std=0.0000, success_base_std=0.0126, success_trace_strength_std=0.0028, success_bonus_weight_std=0.0051, success_bonus_zero_raw_std=0.0000, success_bonus_std=0.0011, success_proposal_std=0.0128, success_std=0.0128, failure_std=0.2625, ambiguity_std=0.2495, success_vs_failure_corr=-0.706, success_guard_vs_success_corr=1.000, success_guard_vs_base_corr=1.000, success_guard_vs_proposal_corr=1.000, success_guard_vs_target_corr=0.880, success_guard_vs_clipped_target_corr=0.911, success_core_vs_clipped_target_corr=0.911, success_base_vs_clipped_target_corr=0.911, success_base_vs_stability_corr=0.766, success_core_vs_stability_corr=0.766, success_core_vs_good_corr=0.091, success_core_vs_pattern_corr=-0.290, success_residual_vs_good_corr=nan, success_residual_vs_pattern_corr=nan, success_residual_vs_trace_corr=nan, bonus_weight_vs_success_corr=0.721, bonus_weight_vs_zero_raw_corr=nan, proposal_vs_success_corr=1.000, ambiguity_vs_high_conf_corr=-0.942, stability_vs_agreement_corr=0.898, support_vs_support_ratio_corr=0.667
Success guard: utilization_mean=1.002, core_utilization_mean=1.000, base_utilization_mean=1.000, proposal_utilization_mean=1.002, guard_target_mae=0.116, guard_target_bias_mean=-0.049, guard_target_over_rate=0.277, base_target_excess_mean=0.033, base_target_over_rate=0.277, guard_low_sat_rate=0.000, guard_high_sat_rate=0.000, base_over_guard_mean=0.000, base_over_guard_rate=0.000, bonus_weight_mean=0.023, bonus_weight_std=0.005, bonus_weight_zero_raw_mean=0.011, bonus_weight_zero_raw_fraction_mean=0.524, bonus_mean=0.005, bonus_zero_raw_mean=0.002, bonus_zero_raw_fraction_of_bonus_mean=0.524, bonus_evidence_fraction_of_bonus_mean=0.476, success_core_fraction_of_success_mean=0.998, success_residual_fraction_of_success_mean=0.000, bonus_fraction_of_success_mean=0.007, success_trace_strength_mean=0.019, success_trace_strength_std=0.003, success_residual_weight_mean=0.000, success_residual_weight_std=0.000, proposal_gain_mean=0.002, proposal_gain_fraction_of_success_mean=0.002, success_over_guard_mean=0.002, success_over_guard_rate=0.000, proposal_over_guard_mean=0.002, proposal_over_guard_rate=0.000, success_prob_over_guard_mean=0.023, success_prob_over_guard_rate=0.132
Evidence target fit: stability(corr/mae/spread)=0.906/0.132/0.068 | support(corr/mae/spread)=0.990/0.279/0.017 | success(corr/mae/spread)=0.883/0.160/0.092 | failure(corr/mae/spread)=0.820/0.128/1.873 | ambiguity(corr/mae/spread)=0.636/0.171/1.461
Monotonicity: violation_rate=0.334, all_supported_violation_rate=0.196, stability_cert_violation_rate=0.000, support_cert_violation_rate=0.000, success_guard_violation_rate=0.000, trajectory_good_violation_rate=0.730, pattern_focused_violation_rate=0.576, success_core_violation_rate=0.000, success_base_violation_rate=0.000, success_base_guard_gap_violation_rate=0.000, success_cert_violation_rate=0.000, failure_cert_violation_rate=0.358
Path audit: zero_success_core(cert_shift/outcome_flip)=0.654/0.261, zero_success_residual(cert_shift/outcome_flip)=0.000/0.000, zero_success_base(cert_shift/outcome_flip)=0.654/0.261, zero_success_bonus(cert_shift/outcome_flip)=0.002/0.000, zero_success_trace(cert_shift/outcome_flip)=0.000/0.000, zero_success_raw(cert_shift/outcome_flip)=0.001/0.000, zero_failure_trace(cert_shift/outcome_flip)=0.175/0.079, zero_failure_raw(cert_shift/outcome_flip)=0.049/0.053, zero_ambiguity_trace(cert_shift/outcome_flip)=0.000/0.236, zero_ambiguity_raw(cert_shift/outcome_flip)=0.000/0.217, zero_shared_trace(cert_shift/outcome_flip)=0.175/0.255, zero_cert_context(cert_shift/outcome_flip)=0.030/0.063, zero_outcome_trajectory_context(cert_shift/outcome_flip)=0.000/0.000, zero_outcome_pattern_context(cert_shift/outcome_flip)=0.000/0.198, zero_outcome_context(cert_shift/outcome_flip)=0.000/0.198
Outcome-context flips by base label: SUCCESS=1.000, UNCERTAIN=0.000, FAILURE=0.130
Path dominance: cert_driver=zero_success_core:0.654, outcome_driver=zero_success_core:0.261, confidence_driver=certs_only_outcome:0.613, single_path_cert_driver=zero_success_core:0.654, single_path_outcome_driver=zero_success_core:0.261
Reference metrics fingerprint mismatch: b860894951a862dd != 726b34ec9024ecba
Acceptance: failure_recall_ok=True, outcome_macro_f1_ok=True, outcome_acc_ok=True, beats_majority=True, beats_entropy_threshold=True, trajectory_ok=True, not_collapsed=True, monotonicity_ok=False
Ground truth: trajectory=STABLE, pattern=MIXED, confidence=MEDIUM, outcome=UNCERTAIN
Prediction: trajectory=STABLE, pattern=MIXED, confidence=MEDIUM, outcome=UNCERTAIN
Decoder logits shape: (1, 47, 53)
Executor features shape: (1, 21)
Reference text: attention pattern is mixed and the outcome remains uncertain.
Generated text: attention pattern is mixed and the outcome remains uncertain.
