DIGIT Extrapolation E3 partial-monotone run
Success shape: guard_only
Experiment label: outcome_ctx_half
Device: cuda
Results dir: W:\Intuition-Labs\experiments\DIGIT\Extrapolation\results\e3\ab_sweep\seed_123\outcome_ctx_half
Trace dir: W:\Intuition-Labs\experiments\DIGIT\Extrapolation\e3\trace_cache
Trace label version: v5
Evidence target version: v1
Corpus fingerprint: 726b34ec9024ecba
Pattern z-threshold: 0.75
Pattern threshold mode: auto
Trace records train/val/test: 1313/318/318
Failure shares train/val/test: 0.106/0.079/0.053
Train hard-mined cases: 35
Train label distribution: {'trajectory_shape': {1: 488, 3: 141, 2: 286, 0: 398}, 'attention_pattern': {2: 174, 1: 957, 0: 182}, 'confidence': {2: 433, 1: 447, 0: 433}, 'outcome': {1: 913, 0: 261, 2: 139}}
Train attention-pattern distribution: {'DIFFUSE': 174, 'MIXED': 957, 'FOCUSED': 182}
Success modes: {'success_core_mode': 'guard_identity', 'success_residual_mode': 'disabled'}
Path scale overrides: {'outcome_trajectory_context': 0.4, 'outcome_pattern_context': 0.4}
Default path scales: {'shared_trace': 1.0, 'success_trace': 0.25, 'success_core': 1.0, 'success_residual': 1.0, 'success_bonus': 1.0, 'failure_trace': 1.0, 'ambiguity_trace': 1.0, 'cert_context': 1.0, 'outcome_context': 0.8, 'outcome_trajectory_context': 0.4, 'outcome_pattern_context': 0.4, 'success_raw': 0.5, 'failure_raw': 1.0, 'ambiguity_raw': 1.0}
Stage 1: joint primitive training (selection: non-collapsed -> outcome_macro_f1 -> failure_recall -> confidence_macro_f1 -> trajectory_macro_f1 -> joint_acc)
Stage1 Epoch 01/25 | train_loss=0.8920 | val_loss=0.9052 | val_outcome_acc=0.704 | val_outcome_macro_f1=0.276 | val_failure_recall=0.000 | val_confidence_macro_f1=0.179 | val_trajectory_macro_f1=0.450 | val_pattern_macro_f1=0.930 | val_joint_acc=0.182 | val_collapsed=True
  Val audit: out_share=0.000/1.000/0.000 | conf_share=0.000/1.000/0.000 | cert_std(st/su/fa)=0.0093/0.0122/0.0180 | succ_vs_fail_corr=0.238
  Val success guard: base_over_rate=0.000 | base_target_over=0.075 | proposal_over_rate=0.997 | success_over_rate=0.997 | success_prob_over_rate=0.000 | bonus_weight=0.324 | bonus_frac=0.092 | proposal_gain_frac=0.049 | bonus_zero_raw_frac=0.773 | guard_target_over=0.075
  Val success parts: core_frac=0.951 | resid_frac=0.000 | base_vs_stability=0.837 | core_vs_stability=0.837 | core_vs_good=-0.072 | base_vs_support=0.517 | resid_vs_good=nan | resid_vs_pattern=nan | resid_vs_trace=nan | bonus_weight_vs_zero_raw=nan
  Val target fit: stability=0.912/0.066 | support=0.992/0.010 | success=0.883/0.078 | failure=-0.125/0.114
Stage1 Epoch 02/25 | train_loss=0.5531 | val_loss=0.8413 | val_outcome_acc=0.704 | val_outcome_macro_f1=0.276 | val_failure_recall=0.000 | val_confidence_macro_f1=0.179 | val_trajectory_macro_f1=0.542 | val_pattern_macro_f1=0.927 | val_joint_acc=0.198 | val_collapsed=True
  Val audit: out_share=0.000/1.000/0.000 | conf_share=0.000/1.000/0.000 | cert_std(st/su/fa)=0.0093/0.0122/0.0242 | succ_vs_fail_corr=0.234
  Val success guard: base_over_rate=0.000 | base_target_over=0.075 | proposal_over_rate=0.997 | success_over_rate=0.997 | success_prob_over_rate=0.000 | bonus_weight=0.324 | bonus_frac=0.092 | proposal_gain_frac=0.049 | bonus_zero_raw_frac=0.773 | guard_target_over=0.075
  Val success parts: core_frac=0.951 | resid_frac=0.000 | base_vs_stability=0.837 | core_vs_stability=0.837 | core_vs_good=0.278 | base_vs_support=0.517 | resid_vs_good=nan | resid_vs_pattern=nan | resid_vs_trace=nan | bonus_weight_vs_zero_raw=-0.000
  Val target fit: stability=0.912/0.066 | support=0.992/0.010 | success=0.883/0.078 | failure=-0.137/0.153
Stage1 Epoch 03/25 | train_loss=0.4913 | val_loss=0.8397 | val_outcome_acc=0.704 | val_outcome_macro_f1=0.276 | val_failure_recall=0.000 | val_confidence_macro_f1=0.179 | val_trajectory_macro_f1=0.468 | val_pattern_macro_f1=0.939 | val_joint_acc=0.164 | val_collapsed=True
  Val audit: out_share=0.000/1.000/0.000 | conf_share=0.000/1.000/0.000 | cert_std(st/su/fa)=0.0093/0.0122/0.0223 | succ_vs_fail_corr=0.323
  Val success guard: base_over_rate=0.000 | base_target_over=0.075 | proposal_over_rate=0.997 | success_over_rate=0.997 | success_prob_over_rate=0.000 | bonus_weight=0.324 | bonus_frac=0.093 | proposal_gain_frac=0.049 | bonus_zero_raw_frac=0.774 | guard_target_over=0.075
  Val success parts: core_frac=0.951 | resid_frac=0.000 | base_vs_stability=0.837 | core_vs_stability=0.837 | core_vs_good=0.239 | base_vs_support=0.517 | resid_vs_good=nan | resid_vs_pattern=nan | resid_vs_trace=nan | bonus_weight_vs_zero_raw=0.000
  Val target fit: stability=0.912/0.066 | support=0.992/0.010 | success=0.883/0.078 | failure=-0.219/0.141
Stage1 Epoch 04/25 | train_loss=0.4713 | val_loss=0.8310 | val_outcome_acc=0.704 | val_outcome_macro_f1=0.276 | val_failure_recall=0.000 | val_confidence_macro_f1=0.179 | val_trajectory_macro_f1=0.496 | val_pattern_macro_f1=0.915 | val_joint_acc=0.186 | val_collapsed=True
  Val audit: out_share=0.000/1.000/0.000 | conf_share=0.000/1.000/0.000 | cert_std(st/su/fa)=0.0093/0.0122/0.0251 | succ_vs_fail_corr=0.233
  Val success guard: base_over_rate=0.000 | base_target_over=0.075 | proposal_over_rate=0.997 | success_over_rate=0.997 | success_prob_over_rate=0.000 | bonus_weight=0.324 | bonus_frac=0.093 | proposal_gain_frac=0.049 | bonus_zero_raw_frac=0.774 | guard_target_over=0.075
  Val success parts: core_frac=0.951 | resid_frac=0.000 | base_vs_stability=0.837 | core_vs_stability=0.837 | core_vs_good=0.158 | base_vs_support=0.517 | resid_vs_good=nan | resid_vs_pattern=nan | resid_vs_trace=nan | bonus_weight_vs_zero_raw=-0.000
  Val target fit: stability=0.912/0.066 | support=0.992/0.010 | success=0.883/0.078 | failure=-0.130/0.159
Stage1 Epoch 05/25 | train_loss=0.6760 | val_loss=0.6014 | val_outcome_acc=0.616 | val_outcome_macro_f1=0.408 | val_failure_recall=1.000 | val_confidence_macro_f1=0.547 | val_trajectory_macro_f1=0.506 | val_pattern_macro_f1=0.917 | val_joint_acc=0.242 | val_collapsed=False
  Val audit: out_share=0.000/0.755/0.245 | conf_share=0.292/0.704/0.003 | cert_std(st/su/fa)=0.0091/0.0118/0.3790 | succ_vs_fail_corr=-0.811
  Val success guard: base_over_rate=0.000 | base_target_over=0.148 | proposal_over_rate=0.000 | success_over_rate=0.000 | success_prob_over_rate=0.000 | bonus_weight=0.137 | bonus_frac=0.040 | proposal_gain_frac=0.017 | bonus_zero_raw_frac=0.606 | guard_target_over=0.148
  Val success parts: core_frac=0.983 | resid_frac=0.000 | base_vs_stability=0.867 | core_vs_stability=0.867 | core_vs_good=0.112 | base_vs_support=0.473 | resid_vs_good=nan | resid_vs_pattern=nan | resid_vs_trace=nan | bonus_weight_vs_zero_raw=nan
  Val target fit: stability=0.889/0.065 | support=0.992/0.011 | success=0.879/0.076 | failure=0.815/2.400
Stage1 Epoch 06/25 | train_loss=0.5488 | val_loss=0.5176 | val_outcome_acc=0.748 | val_outcome_macro_f1=0.683 | val_failure_recall=0.960 | val_confidence_macro_f1=0.862 | val_trajectory_macro_f1=0.449 | val_pattern_macro_f1=0.953 | val_joint_acc=0.314 | val_collapsed=False
Stage1 Epoch 07/25 | train_loss=0.4815 | val_loss=0.4562 | val_outcome_acc=0.767 | val_outcome_macro_f1=0.699 | val_failure_recall=0.960 | val_confidence_macro_f1=0.916 | val_trajectory_macro_f1=0.568 | val_pattern_macro_f1=0.924 | val_joint_acc=0.371 | val_collapsed=False
Stage1 Epoch 08/25 | train_loss=0.4495 | val_loss=0.4514 | val_outcome_acc=0.767 | val_outcome_macro_f1=0.711 | val_failure_recall=0.960 | val_confidence_macro_f1=0.896 | val_trajectory_macro_f1=0.551 | val_pattern_macro_f1=0.919 | val_joint_acc=0.352 | val_collapsed=False
Stage1 Epoch 09/25 | train_loss=0.4393 | val_loss=0.4219 | val_outcome_acc=0.780 | val_outcome_macro_f1=0.724 | val_failure_recall=0.960 | val_confidence_macro_f1=0.910 | val_trajectory_macro_f1=0.569 | val_pattern_macro_f1=0.946 | val_joint_acc=0.368 | val_collapsed=False
Stage1 Epoch 10/25 | train_loss=0.4143 | val_loss=0.3981 | val_outcome_acc=0.830 | val_outcome_macro_f1=0.772 | val_failure_recall=0.960 | val_confidence_macro_f1=0.948 | val_trajectory_macro_f1=0.551 | val_pattern_macro_f1=0.933 | val_joint_acc=0.431 | val_collapsed=False
  Val audit: out_share=0.189/0.673/0.138 | conf_share=0.308/0.415/0.277 | cert_std(st/su/fa)=0.0104/0.0131/0.3404 | succ_vs_fail_corr=-0.799
  Val success guard: base_over_rate=0.000 | base_target_over=0.239 | proposal_over_rate=0.000 | success_over_rate=0.000 | success_prob_over_rate=0.000 | bonus_weight=0.038 | bonus_frac=0.011 | proposal_gain_frac=0.004 | bonus_zero_raw_frac=0.553 | guard_target_over=0.239
  Val success parts: core_frac=0.996 | resid_frac=0.000 | base_vs_stability=0.865 | core_vs_stability=0.865 | core_vs_good=0.120 | base_vs_support=0.480 | resid_vs_good=nan | resid_vs_pattern=nan | resid_vs_trace=nan | bonus_weight_vs_zero_raw=nan
  Val target fit: stability=0.908/0.074 | support=0.991/0.014 | success=0.883/0.084 | failure=0.822/2.156
Stage1 Epoch 11/25 | train_loss=0.3981 | val_loss=0.4244 | val_outcome_acc=0.792 | val_outcome_macro_f1=0.711 | val_failure_recall=0.960 | val_confidence_macro_f1=0.904 | val_trajectory_macro_f1=0.626 | val_pattern_macro_f1=0.941 | val_joint_acc=0.459 | val_collapsed=False
Stage1 Epoch 12/25 | train_loss=0.3893 | val_loss=0.3647 | val_outcome_acc=0.827 | val_outcome_macro_f1=0.767 | val_failure_recall=0.960 | val_confidence_macro_f1=0.948 | val_trajectory_macro_f1=0.665 | val_pattern_macro_f1=0.928 | val_joint_acc=0.522 | val_collapsed=False
Stage1 Epoch 13/25 | train_loss=0.3719 | val_loss=0.3420 | val_outcome_acc=0.821 | val_outcome_macro_f1=0.762 | val_failure_recall=0.960 | val_confidence_macro_f1=0.963 | val_trajectory_macro_f1=0.684 | val_pattern_macro_f1=0.949 | val_joint_acc=0.531 | val_collapsed=False
Stage1 Epoch 14/25 | train_loss=0.3562 | val_loss=0.3384 | val_outcome_acc=0.884 | val_outcome_macro_f1=0.833 | val_failure_recall=0.960 | val_confidence_macro_f1=0.941 | val_trajectory_macro_f1=0.676 | val_pattern_macro_f1=0.933 | val_joint_acc=0.550 | val_collapsed=False
Stage1 Epoch 15/25 | train_loss=0.3434 | val_loss=0.3260 | val_outcome_acc=0.896 | val_outcome_macro_f1=0.843 | val_failure_recall=0.960 | val_confidence_macro_f1=0.947 | val_trajectory_macro_f1=0.677 | val_pattern_macro_f1=0.944 | val_joint_acc=0.569 | val_collapsed=False
  Val audit: out_share=0.198/0.664/0.138 | conf_share=0.318/0.352/0.330 | cert_std(st/su/fa)=0.0108/0.0143/0.3098 | succ_vs_fail_corr=-0.783
  Val success guard: base_over_rate=0.000 | base_target_over=0.267 | proposal_over_rate=0.000 | success_over_rate=0.000 | success_prob_over_rate=0.097 | bonus_weight=0.029 | bonus_frac=0.009 | proposal_gain_frac=0.003 | bonus_zero_raw_frac=0.538 | guard_target_over=0.267
  Val success parts: core_frac=0.997 | resid_frac=0.000 | base_vs_stability=0.870 | core_vs_stability=0.870 | core_vs_good=0.299 | base_vs_support=0.473 | resid_vs_good=nan | resid_vs_pattern=nan | resid_vs_trace=nan | bonus_weight_vs_zero_raw=nan
  Val target fit: stability=0.905/0.076 | support=0.990/0.016 | success=0.883/0.092 | failure=0.824/1.962
Stage1 Epoch 16/25 | train_loss=0.3361 | val_loss=0.3302 | val_outcome_acc=0.827 | val_outcome_macro_f1=0.771 | val_failure_recall=1.000 | val_confidence_macro_f1=0.956 | val_trajectory_macro_f1=0.715 | val_pattern_macro_f1=0.927 | val_joint_acc=0.528 | val_collapsed=False
Stage1 Epoch 17/25 | train_loss=0.3299 | val_loss=0.3156 | val_outcome_acc=0.862 | val_outcome_macro_f1=0.800 | val_failure_recall=0.960 | val_confidence_macro_f1=0.954 | val_trajectory_macro_f1=0.702 | val_pattern_macro_f1=0.925 | val_joint_acc=0.569 | val_collapsed=False
Stage1 Epoch 18/25 | train_loss=0.3207 | val_loss=0.3094 | val_outcome_acc=0.830 | val_outcome_macro_f1=0.765 | val_failure_recall=0.960 | val_confidence_macro_f1=0.972 | val_trajectory_macro_f1=0.709 | val_pattern_macro_f1=0.928 | val_joint_acc=0.560 | val_collapsed=False
Stage1 Epoch 19/25 | train_loss=0.3067 | val_loss=0.3009 | val_outcome_acc=0.858 | val_outcome_macro_f1=0.799 | val_failure_recall=0.960 | val_confidence_macro_f1=0.950 | val_trajectory_macro_f1=0.715 | val_pattern_macro_f1=0.928 | val_joint_acc=0.563 | val_collapsed=False
Stage1 Epoch 20/25 | train_loss=0.3049 | val_loss=0.3031 | val_outcome_acc=0.928 | val_outcome_macro_f1=0.892 | val_failure_recall=0.960 | val_confidence_macro_f1=0.960 | val_trajectory_macro_f1=0.737 | val_pattern_macro_f1=0.922 | val_joint_acc=0.654 | val_collapsed=False
  Val audit: out_share=0.189/0.708/0.104 | conf_share=0.314/0.365/0.321 | cert_std(st/su/fa)=0.0113/0.0155/0.2957 | succ_vs_fail_corr=-0.776
  Val success guard: base_over_rate=0.000 | base_target_over=0.270 | proposal_over_rate=0.000 | success_over_rate=0.000 | success_prob_over_rate=0.151 | bonus_weight=0.022 | bonus_frac=0.007 | proposal_gain_frac=0.002 | bonus_zero_raw_frac=0.547 | guard_target_over=0.270
  Val success parts: core_frac=0.998 | resid_frac=0.000 | base_vs_stability=0.873 | core_vs_stability=0.873 | core_vs_good=0.111 | base_vs_support=0.468 | resid_vs_good=nan | resid_vs_pattern=nan | resid_vs_trace=nan | bonus_weight_vs_zero_raw=nan
  Val target fit: stability=0.906/0.080 | support=0.989/0.018 | success=0.882/0.099 | failure=0.827/1.872
Stage1 Epoch 21/25 | train_loss=0.2989 | val_loss=0.3142 | val_outcome_acc=0.877 | val_outcome_macro_f1=0.821 | val_failure_recall=0.960 | val_confidence_macro_f1=0.943 | val_trajectory_macro_f1=0.700 | val_pattern_macro_f1=0.913 | val_joint_acc=0.569 | val_collapsed=False
Stage1 Epoch 22/25 | train_loss=0.2837 | val_loss=0.2985 | val_outcome_acc=0.849 | val_outcome_macro_f1=0.791 | val_failure_recall=1.000 | val_confidence_macro_f1=0.979 | val_trajectory_macro_f1=0.685 | val_pattern_macro_f1=0.941 | val_joint_acc=0.553 | val_collapsed=False
Stage1 Epoch 23/25 | train_loss=0.2848 | val_loss=0.2764 | val_outcome_acc=0.827 | val_outcome_macro_f1=0.762 | val_failure_recall=0.960 | val_confidence_macro_f1=0.976 | val_trajectory_macro_f1=0.743 | val_pattern_macro_f1=0.925 | val_joint_acc=0.588 | val_collapsed=False
Stage1 Epoch 24/25 | train_loss=0.2790 | val_loss=0.2630 | val_outcome_acc=0.843 | val_outcome_macro_f1=0.778 | val_failure_recall=0.960 | val_confidence_macro_f1=0.976 | val_trajectory_macro_f1=0.746 | val_pattern_macro_f1=0.937 | val_joint_acc=0.619 | val_collapsed=False
Stage1 Epoch 25/25 | train_loss=0.2846 | val_loss=0.2672 | val_outcome_acc=0.858 | val_outcome_macro_f1=0.797 | val_failure_recall=0.960 | val_confidence_macro_f1=0.988 | val_trajectory_macro_f1=0.720 | val_pattern_macro_f1=0.929 | val_joint_acc=0.610 | val_collapsed=False
  Val audit: out_share=0.173/0.664/0.164 | conf_share=0.330/0.374/0.296 | cert_std(st/su/fa)=0.0120/0.0169/0.2945 | succ_vs_fail_corr=-0.772
  Val success guard: base_over_rate=0.000 | base_target_over=0.267 | proposal_over_rate=0.000 | success_over_rate=0.000 | success_prob_over_rate=0.138 | bonus_weight=0.017 | bonus_frac=0.005 | proposal_gain_frac=0.002 | bonus_zero_raw_frac=0.558 | guard_target_over=0.267
  Val success parts: core_frac=0.998 | resid_frac=0.000 | base_vs_stability=0.873 | core_vs_stability=0.873 | core_vs_good=0.135 | base_vs_support=0.463 | resid_vs_good=nan | resid_vs_pattern=nan | resid_vs_trace=nan | bonus_weight_vs_zero_raw=nan
  Val target fit: stability=0.907/0.085 | support=0.989/0.020 | success=0.881/0.109 | failure=0.826/1.865
Stage 2: generation-only training
Stage2 Epoch 01/8 | train_gen_loss=0.3267 | val_gen_loss=0.0151
Stage2 Epoch 02/8 | train_gen_loss=0.0110 | val_gen_loss=0.0034
Stage2 Epoch 03/8 | train_gen_loss=0.0035 | val_gen_loss=0.0014
Stage2 Epoch 04/8 | train_gen_loss=0.0018 | val_gen_loss=0.0009
Stage2 Epoch 05/8 | train_gen_loss=0.0013 | val_gen_loss=0.0007
Stage2 Epoch 06/8 | train_gen_loss=0.0010 | val_gen_loss=0.0005
Stage2 Epoch 07/8 | train_gen_loss=0.0008 | val_gen_loss=0.0004
Stage2 Epoch 08/8 | train_gen_loss=0.0006 | val_gen_loss=0.0003
Test metrics: trajectory_acc=0.836, trajectory_macro_f1=0.787, pattern_acc=0.959, pattern_macro_f1=0.938, confidence_acc=0.962, confidence_macro_f1=0.963, outcome_acc=0.899, outcome_macro_f1=0.833, failure_recall=0.824, joint_acc=0.717
Trajectory confusion: DECREASING: [86, 14, 0, 0] | STABLE: [5, 98, 10, 3] | INCREASING: [0, 4, 70, 0] | VOLATILE: [3, 10, 3, 12]
Pattern confusion: FOCUSED: [31, 0, 0] | MIXED: [4, 233, 8] | DIFFUSE: [0, 1, 41]
Pattern per-class: FOCUSED(p/r/f1)=0.886/1.000/0.939 | MIXED(p/r/f1)=0.996/0.951/0.973 | DIFFUSE(p/r/f1)=0.837/0.976/0.901
Outcome confusion: SUCCESS_LIKELY: [60, 16, 0] | UNCERTAIN: [5, 212, 8] | FAILURE_LIKELY: [0, 3, 14]
Outcome per-class: SUCCESS(p/r/f1)=0.923/0.789/0.851 | UNCERTAIN(p/r/f1)=0.918/0.942/0.930 | FAILURE(p/r/f1)=0.636/0.824/0.718
Primitive predictions preserved through stage 2: True
Baselines: majority_outcome=UNCERTAIN, majority_acc=0.708, majority_macro_f1=0.276, entropy_threshold_acc=0.261, entropy_threshold_macro_f1=0.242, logreg_outcome_acc=0.755, logreg_outcome_macro_f1=0.617, mlp_outcome_acc=0.881, mlp_outcome_macro_f1=0.818, mlp_converged=True, mlp_n_iter=49
Correctness baselines: logreg_acc=0.884, logreg_auroc=0.751, mlp_acc=0.890, mlp_auroc=0.704, mlp_converged=True
Safety metrics: unsafe_success_rate_label=0.077, unsafe_success_rate_correctness=0.015, success_precision_vs_is_correct=0.985, success_auroc=0.774, success_auprc=0.960, success_brier=0.603, success_ece_10bin=0.670
Corpus label audit: P(correct|SUCCESS)=0.998, P(correct|UNCERTAIN)=0.900, P(correct|FAILURE)=0.420, correctness_separation=0.097, max_outcome_share_swing=0.208, label_revision_trigger=True
Prediction audit: pred_share_SUCCESS=0.204, pred_share_UNCERTAIN=0.726, pred_share_FAILURE=0.069, pred_conf_LOW=0.289, pred_conf_MEDIUM=0.327, pred_conf_HIGH=0.384, P(correct|pred_SUCCESS)=0.985, P(correct|pred_UNCERTAIN)=0.905, P(correct|pred_FAILURE)=0.364
Prediction guard audit: pred_SUCCESS_over_guard=0.662, pred_UNCERTAIN_over_guard=0.000, pred_FAILURE_over_guard=0.000
Collapse audit: collapsed_model=False, all_success_mode=False, all_uncertain_mode=False, all_failure_mode=False, single_confidence_mode=False
Evidence geometry: stability_std=0.0085, support_std=0.0055, success_guard_std=0.0122, success_core_std=0.0122, success_residual_std=0.0000, success_base_std=0.0122, success_trace_strength_std=0.0026, success_bonus_weight_std=0.0051, success_bonus_zero_raw_std=0.0000, success_bonus_std=0.0011, success_proposal_std=0.0124, success_std=0.0124, failure_std=0.2772, ambiguity_std=0.2449, success_vs_failure_corr=-0.711, success_guard_vs_success_corr=1.000, success_guard_vs_base_corr=1.000, success_guard_vs_proposal_corr=1.000, success_guard_vs_target_corr=0.882, success_guard_vs_clipped_target_corr=0.908, success_core_vs_clipped_target_corr=0.908, success_base_vs_clipped_target_corr=0.908, success_base_vs_stability_corr=0.776, success_core_vs_stability_corr=0.776, success_core_vs_good_corr=0.073, success_core_vs_pattern_corr=-0.291, success_residual_vs_good_corr=nan, success_residual_vs_pattern_corr=nan, success_residual_vs_trace_corr=nan, bonus_weight_vs_success_corr=0.717, bonus_weight_vs_zero_raw_corr=nan, proposal_vs_success_corr=1.000, ambiguity_vs_high_conf_corr=-0.938, stability_vs_agreement_corr=0.897, support_vs_support_ratio_corr=0.667
Success guard: utilization_mean=1.002, core_utilization_mean=1.000, base_utilization_mean=1.000, proposal_utilization_mean=1.002, guard_target_mae=0.117, guard_target_bias_mean=-0.052, guard_target_over_rate=0.274, base_target_excess_mean=0.033, base_target_over_rate=0.274, guard_low_sat_rate=0.000, guard_high_sat_rate=0.000, base_over_guard_mean=0.000, base_over_guard_rate=0.000, bonus_weight_mean=0.023, bonus_weight_std=0.005, bonus_weight_zero_raw_mean=0.011, bonus_weight_zero_raw_fraction_mean=0.522, bonus_mean=0.005, bonus_zero_raw_mean=0.002, bonus_zero_raw_fraction_of_bonus_mean=0.522, bonus_evidence_fraction_of_bonus_mean=0.478, success_core_fraction_of_success_mean=0.998, success_residual_fraction_of_success_mean=0.000, bonus_fraction_of_success_mean=0.007, success_trace_strength_mean=0.019, success_trace_strength_std=0.003, success_residual_weight_mean=0.000, success_residual_weight_std=0.000, proposal_gain_mean=0.002, proposal_gain_fraction_of_success_mean=0.002, success_over_guard_mean=0.002, success_over_guard_rate=0.000, proposal_over_guard_mean=0.002, proposal_over_guard_rate=0.000, success_prob_over_guard_mean=0.024, success_prob_over_guard_rate=0.135
Evidence target fit: stability(corr/mae/spread)=0.907/0.132/0.068 | support(corr/mae/spread)=0.990/0.279/0.018 | success(corr/mae/spread)=0.885/0.162/0.090 | failure(corr/mae/spread)=0.810/0.138/1.978 | ambiguity(corr/mae/spread)=0.623/0.172/1.434
Monotonicity: violation_rate=0.359, all_supported_violation_rate=0.194, stability_cert_violation_rate=0.000, support_cert_violation_rate=0.000, success_guard_violation_rate=0.000, trajectory_good_violation_rate=0.727, pattern_focused_violation_rate=0.574, success_core_violation_rate=0.000, success_base_violation_rate=0.000, success_base_guard_gap_violation_rate=0.000, success_cert_violation_rate=0.000, failure_cert_violation_rate=0.285
Path audit: zero_success_core(cert_shift/outcome_flip)=0.651/0.289, zero_success_residual(cert_shift/outcome_flip)=0.000/0.000, zero_success_base(cert_shift/outcome_flip)=0.651/0.289, zero_success_bonus(cert_shift/outcome_flip)=0.002/0.003, zero_success_trace(cert_shift/outcome_flip)=0.000/0.000, zero_success_raw(cert_shift/outcome_flip)=0.001/0.003, zero_failure_trace(cert_shift/outcome_flip)=0.180/0.091, zero_failure_raw(cert_shift/outcome_flip)=0.050/0.050, zero_ambiguity_trace(cert_shift/outcome_flip)=0.000/0.252, zero_ambiguity_raw(cert_shift/outcome_flip)=0.000/0.211, zero_shared_trace(cert_shift/outcome_flip)=0.180/0.258, zero_cert_context(cert_shift/outcome_flip)=0.029/0.057, zero_outcome_trajectory_context(cert_shift/outcome_flip)=0.000/0.129, zero_outcome_pattern_context(cert_shift/outcome_flip)=0.000/0.116, zero_outcome_context(cert_shift/outcome_flip)=0.000/0.255
Outcome-context flips by base label: SUCCESS=1.000, UNCERTAIN=0.056, FAILURE=0.136
Path dominance: cert_driver=zero_success_core:0.651, outcome_driver=zero_success_core:0.289, confidence_driver=certs_only_outcome:0.616, single_path_cert_driver=zero_success_core:0.651, single_path_outcome_driver=zero_success_core:0.289
Reference metrics fingerprint mismatch: b860894951a862dd != 726b34ec9024ecba
Acceptance: failure_recall_ok=True, outcome_macro_f1_ok=True, outcome_acc_ok=True, beats_majority=True, beats_entropy_threshold=True, trajectory_ok=True, not_collapsed=True, monotonicity_ok=False
Ground truth: trajectory=STABLE, pattern=MIXED, confidence=MEDIUM, outcome=UNCERTAIN
Prediction: trajectory=STABLE, pattern=MIXED, confidence=MEDIUM, outcome=UNCERTAIN
Decoder logits shape: (1, 47, 53)
Executor features shape: (1, 21)
Reference text: attention pattern is mixed and the outcome remains uncertain.
Generated text: entropy trajectory supports likely success, but attention remains mixed.
